Component: ARM Compiler 5.06 update 5 (build 528) Tool: armlink [4d35e2]

==============================================================================

Section Cross References

    startup_stm32f10x_md.o(STACK) refers (Special) to heapauxi.o(.text) for __use_two_region_memory
    startup_stm32f10x_md.o(HEAP) refers (Special) to heapauxi.o(.text) for __use_two_region_memory
    startup_stm32f10x_md.o(RESET) refers (Special) to heapauxi.o(.text) for __use_two_region_memory
    startup_stm32f10x_md.o(RESET) refers to startup_stm32f10x_md.o(STACK) for __initial_sp
    startup_stm32f10x_md.o(RESET) refers to startup_stm32f10x_md.o(.text) for Reset_Handler
    startup_stm32f10x_md.o(RESET) refers to stm32f10x_it.o(i.NMI_Handler) for NMI_Handler
    startup_stm32f10x_md.o(RESET) refers to stm32f10x_it.o(i.HardFault_Handler) for HardFault_Handler
    startup_stm32f10x_md.o(RESET) refers to stm32f10x_it.o(i.MemManage_Handler) for MemManage_Handler
    startup_stm32f10x_md.o(RESET) refers to stm32f10x_it.o(i.BusFault_Handler) for BusFault_Handler
    startup_stm32f10x_md.o(RESET) refers to stm32f10x_it.o(i.UsageFault_Handler) for UsageFault_Handler
    startup_stm32f10x_md.o(RESET) refers to stm32f10x_it.o(i.SVC_Handler) for SVC_Handler
    startup_stm32f10x_md.o(RESET) refers to stm32f10x_it.o(i.DebugMon_Handler) for DebugMon_Handler
    startup_stm32f10x_md.o(RESET) refers to stm32f10x_it.o(i.PendSV_Handler) for PendSV_Handler
    startup_stm32f10x_md.o(RESET) refers to stm32f10x_it.o(i.SysTick_Handler) for SysTick_Handler
    startup_stm32f10x_md.o(RESET) refers to main.o(i.EXTI4_IRQHandler) for EXTI4_IRQHandler
    startup_stm32f10x_md.o(RESET) refers to main.o(i.EXTI9_5_IRQHandler) for EXTI9_5_IRQHandler
    startup_stm32f10x_md.o(RESET) refers to main.o(i.TIM1_UP_IRQHandler) for TIM1_UP_IRQHandler
    startup_stm32f10x_md.o(RESET) refers to main.o(i.TIM2_IRQHandler) for TIM2_IRQHandler
    startup_stm32f10x_md.o(RESET) refers to main.o(i.TIM3_IRQHandler) for TIM3_IRQHandler
    startup_stm32f10x_md.o(RESET) refers to serial.o(i.USART2_IRQHandler) for USART2_IRQHandler
    startup_stm32f10x_md.o(RESET) refers to serial.o(i.USART3_IRQHandler) for USART3_IRQHandler
    startup_stm32f10x_md.o(RESET) refers to main.o(i.EXTI15_10_IRQHandler) for EXTI15_10_IRQHandler
    startup_stm32f10x_md.o(.text) refers (Special) to heapauxi.o(.text) for __use_two_region_memory
    startup_stm32f10x_md.o(.text) refers to system_stm32f10x.o(i.SystemInit) for SystemInit
    startup_stm32f10x_md.o(.text) refers to __main.o(!!!main) for __main
    startup_stm32f10x_md.o(.text) refers to startup_stm32f10x_md.o(HEAP) for Heap_Mem
    startup_stm32f10x_md.o(.text) refers to startup_stm32f10x_md.o(STACK) for Stack_Mem
    system_stm32f10x.o(i.SetSysClock) refers to system_stm32f10x.o(i.SetSysClockTo72) for SetSysClockTo72
    system_stm32f10x.o(i.SystemCoreClockUpdate) refers to system_stm32f10x.o(.data) for SystemCoreClock
    system_stm32f10x.o(i.SystemInit) refers to system_stm32f10x.o(i.SetSysClock) for SetSysClock
    stm32f10x_adc.o(i.ADC_DeInit) refers to stm32f10x_rcc.o(i.RCC_APB2PeriphResetCmd) for RCC_APB2PeriphResetCmd
    stm32f10x_bkp.o(i.BKP_DeInit) refers to stm32f10x_rcc.o(i.RCC_BackupResetCmd) for RCC_BackupResetCmd
    stm32f10x_can.o(i.CAN_DeInit) refers to stm32f10x_rcc.o(i.RCC_APB1PeriphResetCmd) for RCC_APB1PeriphResetCmd
    stm32f10x_can.o(i.CAN_GetITStatus) refers to stm32f10x_can.o(i.CheckITStatus) for CheckITStatus
    stm32f10x_cec.o(i.CEC_DeInit) refers to stm32f10x_rcc.o(i.RCC_APB1PeriphResetCmd) for RCC_APB1PeriphResetCmd
    stm32f10x_dac.o(i.DAC_DeInit) refers to stm32f10x_rcc.o(i.RCC_APB1PeriphResetCmd) for RCC_APB1PeriphResetCmd
    stm32f10x_flash.o(i.FLASH_EnableWriteProtection) refers to stm32f10x_flash.o(i.FLASH_WaitForLastOperation) for FLASH_WaitForLastOperation
    stm32f10x_flash.o(i.FLASH_EraseAllBank1Pages) refers to stm32f10x_flash.o(i.FLASH_WaitForLastBank1Operation) for FLASH_WaitForLastBank1Operation
    stm32f10x_flash.o(i.FLASH_EraseAllPages) refers to stm32f10x_flash.o(i.FLASH_WaitForLastOperation) for FLASH_WaitForLastOperation
    stm32f10x_flash.o(i.FLASH_EraseOptionBytes) refers to stm32f10x_flash.o(i.FLASH_GetReadOutProtectionStatus) for FLASH_GetReadOutProtectionStatus
    stm32f10x_flash.o(i.FLASH_EraseOptionBytes) refers to stm32f10x_flash.o(i.FLASH_WaitForLastOperation) for FLASH_WaitForLastOperation
    stm32f10x_flash.o(i.FLASH_ErasePage) refers to stm32f10x_flash.o(i.FLASH_WaitForLastOperation) for FLASH_WaitForLastOperation
    stm32f10x_flash.o(i.FLASH_ProgramHalfWord) refers to stm32f10x_flash.o(i.FLASH_WaitForLastOperation) for FLASH_WaitForLastOperation
    stm32f10x_flash.o(i.FLASH_ProgramOptionByteData) refers to stm32f10x_flash.o(i.FLASH_WaitForLastOperation) for FLASH_WaitForLastOperation
    stm32f10x_flash.o(i.FLASH_ProgramWord) refers to stm32f10x_flash.o(i.FLASH_WaitForLastOperation) for FLASH_WaitForLastOperation
[...]
    ../clib/signal.c                         0x00000000   Number         0  defsig_abrt_inner.o ABSOLUTE
    ../clib/signal.c                         0x00000000   Number         0  defsig_other.o ABSOLUTE
    ../clib/signal.s                         0x00000000   Number         0  defsig.o ABSOLUTE
    ../clib/stdlib.c                         0x00000000   Number         0  exit.o ABSOLUTE
    ../fplib/dfixu.s                         0x00000000   Number         0  dfixu.o ABSOLUTE
    ../fplib/dmul.s                          0x00000000   Number         0  dmul.o ABSOLUTE
    ../fplib/dnaninf.s                       0x00000000   Number         0  dnaninf.o ABSOLUTE
    ../fplib/dretinf.s                       0x00000000   Number         0  dretinf.o ABSOLUTE
    ../fplib/f2d.s                           0x00000000   Number         0  f2d.o ABSOLUTE
    ../fplib/fdiv.s                          0x00000000   Number         0  fdiv.o ABSOLUTE
    ../fplib/ffixu.s                         0x00000000   Number         0  ffixu.o ABSOLUTE
    ../fplib/fflt.s                          0x00000000   Number         0  fflt_clz.o ABSOLUTE
    ../fplib/fnaninf.s                       0x00000000   Number         0  fnaninf.o ABSOLUTE
    ../fplib/fpinit.s                        0x00000000   Number         0  fpinit.o ABSOLUTE
    ../fplib/fretinf.s                       0x00000000   Number         0  fretinf.o ABSOLUTE
    ../fplib/usenofp.s                       0x00000000   Number         0  usenofp.o ABSOLUTE
    Hardware\MyADCAndDMA.c                   0x00000000   Number         0  myadcanddma.o ABSOLUTE
    Hardware\MyAirPump.c                     0x00000000   Number         0  myairpump.o ABSOLUTE
    Hardware\MyAquariumHeater.c              0x00000000   Number         0  myaquariumheater.o ABSOLUTE
    Hardware\MyDHT11.c                       0x00000000   Number         0  mydht11.o ABSOLUTE
    Hardware\MyDS18B20.c                     0x00000000   Number         0  myds18b20.o ABSOLUTE
    Hardware\MyHCSR04.c                      0x00000000   Number         0  myhcsr04.o ABSOLUTE
    Hardware\MyLightSensor.c                 0x00000000   Number         0  mylightsensor.o ABSOLUTE
    Hardware\MyOLED.c                        0x00000000   Number         0  myoled.o ABSOLUTE
    Hardware\MyPlantGrowLamp.c               0x00000000   Number         0  myplantgrowlamp.o ABSOLUTE
    Hardware\MySG90.c                        0x00000000   Number         0  mysg90.o ABSOLUTE
    Hardware\MySoilMoistureSensor.c          0x00000000   Number         0  mysoilmoisturesensor.o ABSOLUTE
    Hardware\MyTest.c                        0x00000000   Number         0  mytest.o ABSOLUTE
    Hardware\MyWS2812.c                      0x00000000   Number         0  myws2812.o ABSOLUTE
    Hardware\MyWaterPump.c                   0x00000000   Number         0  mywaterpump.o ABSOLUTE
    Hardware\MyWaterQualitySensor.c          0x00000000   Number         0  mywaterqualitysensor.o ABSOLUTE
    Hardware\OLED.c                          0x00000000   Number         0  oled.o ABSOLUTE
    Hardware\Serial.c                        0x00000000   Number         0  serial.o ABSOLUTE
    Library\misc.c                           0x00000000   Number         0  misc.o ABSOLUTE
    Library\stm32f10x_adc.c                  0x00000000   Number         0  stm32f10x_adc.o ABSOLUTE
    Library\stm32f10x_bkp.c                  0x00000000   Number         0  stm32f10x_bkp.o ABSOLUTE
    Library\stm32f10x_can.c                  0x00000000   Number         0  stm32f10x_can.o ABSOLUTE
    Library\stm32f10x_cec.c                  0x00000000   Number         0  stm32f10x_cec.o ABSOLUTE
    Library\stm32f10x_crc.c                  0x00000000   Number         0  stm32f10x_crc.o ABSOLUTE
    Library\stm32f10x_dac.c                  0x00000000   Number         0  stm32f10x_dac.o ABSOLUTE
    Library\stm32f10x_dbgmcu.c               0x00000000   Number         0  stm32f10x_dbgmcu.o ABSOLUTE
    Library\stm32f10x_dma.c                  0x00000000   Number         0  stm32f10x_dma.o ABSOLUTE
    Library\stm32f10x_exti.c                 0x00000000   Number         0  stm32f10x_exti.o ABSOLUTE
    Library\stm32f10x_flash.c                0x00000000   Number         0  stm32f10x_flash.o ABSOLUTE
    Library\stm32f10x_fsmc.c                 0x00000000   Number         0  stm32f10x_fsmc.o ABSOLUTE
    Library\stm32f10x_gpio.c                 0x00000000   Number         0  stm32f10x_gpio.o ABSOLUTE
    Library\stm32f10x_i2c.c                  0x00000000   Number         0  stm32f10x_i2c.o ABSOLUTE
    Library\stm32f10x_iwdg.c                 0x00000000   Number         0  stm32f10x_iwdg.o ABSOLUTE
    Library\stm32f10x_pwr.c                  0x00000000   Number         0  stm32f10x_pwr.o ABSOLUTE
    Library\stm32f10x_rcc.c                  0x00000000   Number         0  stm32f10x_rcc.o ABSOLUTE
    Library\stm32f10x_rtc.c                  0x00000000   Number         0  stm32f10x_rtc.o ABSOLUTE
    Library\stm32f10x_sdio.c                 0x00000000   Number         0  stm32f10x_sdio.o ABSOLUTE
    Library\stm32f10x_spi.c                  0x00000000   Number         0  stm32f10x_spi.o ABSOLUTE
    Library\stm32f10x_tim.c                  0x00000000   Number         0  stm32f10x_tim.o ABSOLUTE
    Library\stm32f10x_usart.c                0x00000000   Number         0  stm32f10x_usart.o ABSOLUTE
    Library\stm32f10x_wwdg.c                 0x00000000   Number         0  stm32f10x_wwdg.o ABSOLUTE
    Start\\core_cm3.c                        0x00000000   Number         0  core_cm3.o ABSOLUTE
    Start\core_cm3.c                         0x00000000   Number         0  core_cm3.o ABSOLUTE
    Start\startup_stm32f10x_md.s             0x00000000   Number         0  startup_stm32f10x_md.o ABSOLUTE
    Start\system_stm32f10x.c                 0x00000000   Number         0  system_stm32f10x.o ABSOLUTE
    System\Array.c                           0x00000000   Number         0  array.o ABSOLUTE
    System\Delay.c                           0x00000000   Number         0  delay.o ABSOLUTE
    System\MyTIM.c                           0x00000000   Number         0  mytim.o ABSOLUTE
    User\main.c                              0x00000000   Number         0  main.o ABSOLUTE
    User\stm32f10x_it.c                      0x00000000   Number         0  stm32f10x_it.o ABSOLUTE
    dc.s                                     0x00000000   Number         0  dc.o ABSOLUTE
    RESET                                    0x08000000   Section      236  startup_stm32f10x_md.o(RESET)
    !!!main                                  0x080000ec   Section        8  __main.o(!!!main)
    !!!scatter                               0x080000f4   Section       52  __scatter.o(!!!scatter)
    !!handler_copy                           0x08000128   Section       26  __scatter_copy.o(!!handler_copy)
    !!handler_zi                             0x08000144   Section       28  __scatter_zi.o(!!handler_zi)
    .ARM.Collect$$libinit$$00000000          0x08000160   Section        2  libinit.o(.ARM.Collect$$libinit$$00000000)
    .ARM.Collect$$libinit$$00000002          0x08000162   Section        0  libinit2.o(.ARM.Collect$$libinit$$00000002)
    .ARM.Collect$$libinit$$00000004          0x08000162   Section        0  libinit2.o(.ARM.Collect$$libinit$$00000004)
    .ARM.Collect$$libinit$$0000000A          0x08000162   Section        0  libinit2.o(.ARM.Collect$$libinit$$0000000A)
    .ARM.Collect$$libinit$$0000000C          0x08000162   Section        0  libinit2.o(.ARM.Collect$$libinit$$0000000C)
    .ARM.Collect$$libinit$$0000000E          0x08000162   Section        0  libinit2.o(.ARM.Collect$$libinit$$0000000E)
    .ARM.Collect$$libinit$$00000011          0x08000162   Section        0  libinit2.o(.ARM.Collect$$libinit$$00000011)
    .ARM.Collect$$libinit$$00000013          0x08000162   Section        0  libinit2.o(.ARM.Collect$$libinit$$00000013)
    .ARM.Collect$$libinit$$00000015          0x08000162   Section        0  libinit2.o(.ARM.Collect$$libinit$$00000015)
    .ARM.Collect$$libinit$$00000017          0x08000162   Section        0  libinit2.o(.ARM.Collect$$libinit$$00000017)
    .ARM.Collect$$libinit$$00000019          0x08000162   Section        0  libinit2.o(.ARM.Collect$$libinit$$00000019)
    .ARM.Collect$$libinit$$0000001B          0x08000162   Section        0  libinit2.o(.ARM.Collect$$libinit$$0000001B)
    .ARM.Collect$$libinit$$0000001D          0x08000162   Section        0  libinit2.o(.ARM.Collect$$libinit$$0000001D)
    .ARM.Collect$$libinit$$0000001F          0x08000162   Section        0  libinit2.o(.ARM.Collect$$libinit$$0000001F)
    .ARM.Collect$$libinit$$00000021          0x08000162   Section        0  libinit2.o(.ARM.Collect$$libinit$$00000021)
    .ARM.Collect$$libinit$$00000023          0x08000162   Section        0  libinit2.o(.ARM.Collect$$libinit$$00000023)
    .ARM.Collect$$libinit$$00000025          0x08000162   Section        0  libinit2.o(.ARM.Collect$$libinit$$00000025)
    .ARM.Collect$$libinit$$0000002C          0x08000162   Section        0  libinit2.o(.ARM.Collect$$libinit$$0000002C)
    .ARM.Collect$$libinit$$0000002E          0x08000162   Section        0  libinit2.o(.ARM.Collect$$libinit$$0000002E)
    .ARM.Collect$$libinit$$00000030          0x08000162   Section        0  libinit2.o(.ARM.Collect$$libinit$$00000030)
    .ARM.Collect$$libinit$$00000032          0x08000162   Section        0  libinit2.o(.ARM.Collect$$libinit$$00000032)
    .ARM.Collect$$libinit$$00000033          0x08000162   Section        2  libinit2.o(.ARM.Collect$$libinit$$00000033)
    .ARM.Collect$$libshutdown$$00000000      0x08000164   Section        2  libshutdown.o(.ARM.Collect$$libshutdown$$00000000)
    .ARM.Collect$$libshutdown$$00000002      0x08000166   Section        0  libshutdown2.o(.ARM.Collect$$libshutdown$$00000002)
    .ARM.Collect$$libshutdown$$00000004      0x08000166   Section        0  libshutdown2.o(.ARM.Collect$$libshutdown$$00000004)
    .ARM.Collect$$libshutdown$$00000007      0x08000166   Section        0  libshutdown2.o(.ARM.Collect$$libshutdown$$00000007)
    .ARM.Collect$$libshutdown$$0000000A      0x08000166   Section        0  libshutdown2.o(.ARM.Collect$$libshutdown$$0000000A)
    .ARM.Collect$$libshutdown$$0000000C      0x08000166   Section        0  libshutdown2.o(.ARM.Collect$$libshutdown$$0000000C)
    .ARM.Collect$$libshutdown$$0000000F      0x08000166   Section        0  libshutdown2.o(.ARM.Collect$$libshutdown$$0000000F)
    .ARM.Collect$$libshutdown$$00000010      0x08000166   Section        2  libshutdown2.o(.ARM.Collect$$libshutdown$$00000010)
    .ARM.Collect$$rtentry$$00000000          0x08000168   Section        0  __rtentry.o(.ARM.Collect$$rtentry$$00000000)
    .ARM.Collect$$rtentry$$00000002          0x08000168   Section        0  __rtentry2.o(.ARM.Collect$$rtentry$$00000002)
    .ARM.Collect$$rtentry$$00000004          0x08000168   Section        6  __rtentry4.o(.ARM.Collect$$rtentry$$00000004)
    .ARM.Collect$$rtentry$$00000009          0x0800016e   Section        0  __rtentry2.o(.ARM.Collect$$rtentry$$00000009)
    .ARM.Collect$$rtentry$$0000000A          0x0800016e   Section        4  __rtentry2.o(.ARM.Collect$$rtentry$$0000000A)
    .ARM.Collect$$rtentry$$0000000C          0x08000172   Section        0  __rtentry2.o(.ARM.Collect$$rtentry$$0000000C)
    .ARM.Collect$$rtentry$$0000000D          0x08000172   Section        8  __rtentry2.o(.ARM.Collect$$rtentry$$0000000D)
    .ARM.Collect$$rtexit$$00000000           0x0800017a   Section        2  rtexit.o(.ARM.Collect$$rtexit$$00000000)
    .ARM.Collect$$rtexit$$00000002           0x0800017c   Section        0  rtexit2.o(.ARM.Collect$$rtexit$$00000002)
    .ARM.Collect$$rtexit$$00000003           0x0800017c   Section        4  rtexit2.o(.ARM.Collect$$rtexit$$00000003)
    .ARM.Collect$$rtexit$$00000004           0x08000180   Section        6  rtexit2.o(.ARM.Collect$$rtexit$$00000004)
    .text                                    0x08000188   Section       64  startup_stm32f10x_md.o(.text)
    .text                                    0x080001c8   Section        0  heapauxi.o(.text)
    .text                                    0x080001ce   Section       74  sys_stackheap_outer.o(.text)
    .text                                    0x08000218   Section        0  exit.o(.text)
    .text                                    0x0800022c   Section        8  libspace.o(.text)
    .text                                    0x08000234   Section        0  sys_exit.o(.text)
    .text                                    0x08000240   Section        2  use_no_semi.o(.text)
    .text                                    0x08000242   Section        0  indicate_semi.o(.text)
    i.ADC_Cmd                                0x08000242   Section        0  stm32f10x_adc.o(i.ADC_Cmd)
    i.ADC_DMACmd                             0x08000258   Section        0  stm32f10x_adc.o(i.ADC_DMACmd)
    i.ADC_GetCalibrationStatus               0x0800026e   Section        0  stm32f10x_adc.o(i.ADC_GetCalibrationStatus)
    i.ADC_GetResetCalibrationStatus          0x08000282   Section        0  stm32f10x_adc.o(i.ADC_GetResetCalibrationStatus)
    i.ADC_Init                               0x08000298   Section        0  stm32f10x_adc.o(i.ADC_Init)
    i.ADC_RegularChannelConfig               0x080002e8   Section        0  stm32f10x_adc.o(i.ADC_RegularChannelConfig)
    i.ADC_ResetCalibration                   0x080003a0   Section        0  stm32f10x_adc.o(i.ADC_ResetCalibration)
    i.ADC_SoftwareStartConvCmd               0x080003aa   Section        0  stm32f10x_adc.o(i.ADC_SoftwareStartConvCmd)
    i.ADC_StartCalibration                   0x080003c0   Section        0  stm32f10x_adc.o(i.ADC_StartCalibration)
    i.ADC_StructInit                         0x080003ca   Section        0  stm32f10x_adc.o(i.ADC_StructInit)
    i.BusFault_Handler                       0x080003dc   Section        0  stm32f10x_it.o(i.BusFault_Handler)
    i.DMA_Cmd                                0x080003e0   Section        0  stm32f10x_dma.o(i.DMA_Cmd)
    i.DMA_Init                               0x080003f8   Section        0  stm32f10x_dma.o(i.DMA_Init)
    i.DMA_StructInit                         0x08000434   Section        0  stm32f10x_dma.o(i.DMA_StructInit)
    i.DebugMon_Handler                       0x0800044e   Section        0  stm32f10x_it.o(i.DebugMon_Handler)
    i.Delay_ms                               0x08000450   Section        0  delay.o(i.Delay_ms)
    i.Delay_us                               0x08000468   Section        0  delay.o(i.Delay_us)
    i.EXTI15_10_IRQHandler                   0x08000496   Section        0  main.o(i.EXTI15_10_IRQHandler)
    i.EXTI4_IRQHandler                       0x080004b0   Section        0  main.o(i.EXTI4_IRQHandler)
    i.EXTI9_5_IRQHandler                     0x080004c8   Section        0  main.o(i.EXTI9_5_IRQHandler)
    i.EXTI_ClearITPendingBit                 0x080004ec   Section        0  stm32f10x_exti.o(i.EXTI_ClearITPendingBit)
    i.EXTI_GetITStatus                       0x080004f8   Section        0  stm32f10x_exti.o(i.EXTI_GetITStatus)
    i.EXTI_Init                              0x08000520   Section        0  stm32f10x_exti.o(i.EXTI_Init)
    i.EXTI_StructInit                        0x080005b4   Section        0  stm32f10x_exti.o(i.EXTI_StructInit)
    i.GPIO_EXTILineConfig                    0x080005c4   Section        0  stm32f10x_gpio.o(i.GPIO_EXTILineConfig)
    i.GPIO_Init                              0x08000604   Section        0  stm32f10x_gpio.o(i.GPIO_Init)
    i.GPIO_ResetBits                         0x0800071a   Section        0  stm32f10x_gpio.o(i.GPIO_ResetBits)
    i.GPIO_StructInit                        0x0800071e   Section        0  stm32f10x_gpio.o(i.GPIO_StructInit)
    i.GPIO_WriteBit                          0x0800072e   Section        0  stm32f10x_gpio.o(i.GPIO_WriteBit)
    i.HardFault_Handler                      0x08000738   Section        0  stm32f10x_it.o(i.HardFault_Handler)
    i.MemManage_Handler                      0x0800073c   Section        0  stm32f10x_it.o(i.MemManage_Handler)
    i.MyADCAndDMA_Init                       0x08000740   Section        0  myadcanddma.o(i.MyADCAndDMA_Init)
    i.MyAirPump_Init                         0x08000808   Section        0  myairpump.o(i.MyAirPump_Init)
    i.MyAirPump_Off                          0x08000834   Section        0  myairpump.o(i.MyAirPump_Off)
    i.MyAquariumHeater_Init                  0x08000848   Section        0  myaquariumheater.o(i.MyAquariumHeater_Init)
    i.MyAquariumHeater_Off                   0x08000874   Section        0  myaquariumheater.o(i.MyAquariumHeater_Off)
    i.MyArray_GetAverage_uint16_t            0x08000888   Section        0  array.o(i.MyArray_GetAverage_uint16_t)
    i.MyArray_TailAdd_uint16_t               0x080008bc   Section        0  array.o(i.MyArray_TailAdd_uint16_t)
    i.MyDHT11ReadCheck                       0x080008e0   Section        0  mydht11.o(i.MyDHT11ReadCheck)
    i.MyDHT11_Count_ReadInterval_Save        0x08000918   Section        0  mydht11.o(i.MyDHT11_Count_ReadInterval_Save)
    i.MyDHT11_Count_ReadInterval_Start       0x0800095c   Section        0  mydht11.o(i.MyDHT11_Count_ReadInterval_Start)
    i.MyDHT11_Count_TIM3ARer                 0x0800097c   Section        0  mydht11.o(i.MyDHT11_Count_TIM3ARer)
    i.MyDHT11_DataTranslate                  0x08000998   Section        0  mydht11.o(i.MyDHT11_DataTranslate)
    i.MyDHT11_Init                           0x08000a1c   Section        0  mydht11.o(i.MyDHT11_Init)
    i.MyDHT11_ReadCheckTimer                 0x08000a88   Section        0  mydht11.o(i.MyDHT11_ReadCheckTimer)
    i.MyDHT11_ReadFailed                     0x08000abc   Section        0  mydht11.o(i.MyDHT11_ReadFailed)
    i.MyDHT11_ReadSucced                     0x08000ac4   Section        0  mydht11.o(i.MyDHT11_ReadSucced)
    i.MyDHT11_ReaderSM                       0x08000acc   Section        0  mydht11.o(i.MyDHT11_ReaderSM)
    i.MyDHT11_ReaderSM_PrePrepare            0x08000c00   Section        0  mydht11.o(i.MyDHT11_ReaderSM_PrePrepare)
    i.MyDHT11_Reset                          0x08000c14   Section        0  mydht11.o(i.MyDHT11_Reset)
    i.MyDHT11_SetEXTITrigFalling             0x08000c38   Section        0  mydht11.o(i.MyDHT11_SetEXTITrigFalling)
    i.MyDHT11_SetEXTITrigRising              0x08000c4c   Section        0  mydht11.o(i.MyDHT11_SetEXTITrigRising)
    i.MyDHT11_SetMode_Read                   0x08000c60   Section        0  mydht11.o(i.MyDHT11_SetMode_Read)
    i.MyDHT11_SetMode_Write                  0x08000c88   Section        0  mydht11.o(i.MyDHT11_SetMode_Write)
    i.MyDHT11_SwitchOn                       0x08000cb0   Section        0  mydht11.o(i.MyDHT11_SwitchOn)
    i.MyDHT11_WriterSM                       0x08000ce4   Section        0  mydht11.o(i.MyDHT11_WriterSM)
    i.MyHCSR04_CollectEchoSpan               0x08000d64   Section        0  myhcsr04.o(i.MyHCSR04_CollectEchoSpan)
    i.MyHCSR04_EchoCtrlerSM                  0x08000dac   Section        0  myhcsr04.o(i.MyHCSR04_EchoCtrlerSM)
    i.MyHCSR04_Echo_Init                     0x08000e18   Section        0  myhcsr04.o(i.MyHCSR04_Echo_Init)
    i.MyHCSR04_SetEXITTrig                   0x08000e8c   Section        0  myhcsr04.o(i.MyHCSR04_SetEXITTrig)
    i.MyHCSR04_TrigCtrler                    0x08000ea0   Section        0  myhcsr04.o(i.MyHCSR04_TrigCtrler)
    i.MyHCSR04_TrigCtrlerSwitchOn            0x08000ed8   Section        0  myhcsr04.o(i.MyHCSR04_TrigCtrlerSwitchOn)
    i.MyHCSR04_TrigRESETer                   0x08000eec   Section        0  myhcsr04.o(i.MyHCSR04_TrigRESETer)
    i.MyHCSR04_TrigSETer                     0x08000f1c   Section        0  myhcsr04.o(i.MyHCSR04_TrigSETer)
    i.MyHCSR04_Trig_Init                     0x08000f40   Section        0  myhcsr04.o(i.MyHCSR04_Trig_Init)
    i.MyLightSensor_Init                     0x08000f74   Section        0  mylightsensor.o(i.MyLightSensor_Init)
    i.MyPlantGrowLamp_Init                   0x08000fac   Section        0  myplantgrowlamp.o(i.MyPlantGrowLamp_Init)
    i.MyPlantGrowLamp_Off                    0x08000fd8   Section        0  myplantgrowlamp.o(i.MyPlantGrowLamp_Off)
    i.MySG90_Init                            0x08000fec   Section        0  mysg90.o(i.MySG90_Init)
    i.MySoilMoistureSensor_Init              0x08001068   Section        0  mysoilmoisturesensor.o(i.MySoilMoistureSensor_Init)
    i.MyTIM1_Init                            0x080010a0   Section        0  mytim.o(i.MyTIM1_Init)
    i.MyTIM2_Init                            0x0800111c   Section        0  mytim.o(i.MyTIM2_Init)
    i.MyTIM3_DIV100                          0x08001190   Section        0  mytim.o(i.MyTIM3_DIV100)
    i.MyTIM3_Init                            0x080011b8   Section        0  mytim.o(i.MyTIM3_Init)
    i.MyTest_PB5_Init                        0x08001230   Section        0  mytest.o(i.MyTest_PB5_Init)
    i.MyTest_PB5_WriteSET                    0x08001258   Section        0  mytest.o(i.MyTest_PB5_WriteSET)
    i.MyWaterPump_Init                       0x0800126c   Section        0  mywaterpump.o(i.MyWaterPump_Init)
    i.MyWaterQualitySensor_Init              0x080012e8   Section        0  mywaterqualitysensor.o(i.MyWaterQualitySensor_Init)
    i.NMI_Handler                            0x08001320   Section        0  stm32f10x_it.o(i.NMI_Handler)
    i.NVIC_Init                              0x08001324   Section        0  misc.o(i.NVIC_Init)
    i.NVIC_PriorityGroupConfig               0x08001394   Section        0  misc.o(i.NVIC_PriorityGroupConfig)
    i.OLED_Clear                             0x080013a8   Section        0  oled.o(i.OLED_Clear)
    i.OLED_I2C_Init                          0x080013d4   Section        0  oled.o(i.OLED_I2C_Init)
    i.OLED_I2C_SendByte                      0x08001424   Section        0  oled.o(i.OLED_I2C_SendByte)
    i.OLED_I2C_Start                         0x08001478   Section        0  oled.o(i.OLED_I2C_Start)
    i.OLED_I2C_Stop                          0x080014ac   Section        0  oled.o(i.OLED_I2C_Stop)
    i.OLED_Init                              0x080014d4   Section        0  oled.o(i.OLED_Init)
    i.OLED_SetCursor                         0x08001582   Section        0  oled.o(i.OLED_SetCursor)
    i.OLED_WriteCommand                      0x080015a4   Section        0  oled.o(i.OLED_WriteCommand)
    i.OLED_WriteData                         0x080015c4   Section        0  oled.o(i.OLED_WriteData)
    i.PendSV_Handler                         0x080015e4   Section        0  stm32f10x_it.o(i.PendSV_Handler)
    i.RCC_ADCCLKConfig                       0x080015e8   Section        0  stm32f10x_rcc.o(i.RCC_ADCCLKConfig)
    i.RCC_AHBPeriphClockCmd                  0x08001600   Section        0  stm32f10x_rcc.o(i.RCC_AHBPeriphClockCmd)
    i.RCC_APB1PeriphClockCmd                 0x08001620   Section        0  stm32f10x_rcc.o(i.RCC_APB1PeriphClockCmd)
    i.RCC_APB2PeriphClockCmd                 0x08001640   Section        0  stm32f10x_rcc.o(i.RCC_APB2PeriphClockCmd)
    i.RCC_GetClocksFreq                      0x08001660   Section        0  stm32f10x_rcc.o(i.RCC_GetClocksFreq)
    i.SVC_Handler                            0x08001734   Section        0  stm32f10x_it.o(i.SVC_Handler)
    i.Serial_Auto_StateMachine               0x08001738   Section        0  serial.o(i.Serial_Auto_StateMachine)
    i.Serial_Init                            0x080017bc   Section        0  serial.o(i.Serial_Init)
    i.Serial_SendByte                        0x080018b4   Section        0  serial.o(i.Serial_SendByte)
    i.Serial_SendStringPacketV2              0x080018d2   Section        0  serial.o(i.Serial_SendStringPacketV2)
    i.SetSysClock                            0x080018ec   Section        0  system_stm32f10x.o(i.SetSysClock)
    SetSysClock                              0x080018ed   Thumb Code     8  system_stm32f10x.o(i.SetSysClock)
    i.SetSysClockTo72                        0x080018f4   Section        0  system_stm32f10x.o(i.SetSysClockTo72)
    SetSysClockTo72                          0x080018f5   Thumb Code   214  system_stm32f10x.o(i.SetSysClockTo72)
    i.SysTick_Handler                        0x080019d4   Section        0  stm32f10x_it.o(i.SysTick_Handler)
    i.SystemInit                             0x080019d8   Section        0  system_stm32f10x.o(i.SystemInit)
    i.TIM1_UP_IRQHandler                     0x08001a38   Section        0  main.o(i.TIM1_UP_IRQHandler)
    i.TIM2_IRQHandler                        0x08001a54   Section        0  main.o(i.TIM2_IRQHandler)
    i.TIM3_IRQHandler                        0x08001a84   Section        0  main.o(i.TIM3_IRQHandler)
    i.TIM_ARRPreloadConfig                   0x08001abc   Section        0  stm32f10x_tim.o(i.TIM_ARRPreloadConfig)
    i.TIM_ClearFlag                          0x08001ad4   Section        0  stm32f10x_tim.o(i.TIM_ClearFlag)
    i.TIM_ClearITPendingBit                  0x08001ada   Section        0  stm32f10x_tim.o(i.TIM_ClearITPendingBit)
    i.TIM_Cmd                                0x08001ae0   Section        0  stm32f10x_tim.o(i.TIM_Cmd)
    i.TIM_CtrlPWMOutputs                     0x08001af8   Section        0  stm32f10x_tim.o(i.TIM_CtrlPWMOutputs)
    i.TIM_GetCounter                         0x08001b16   Section        0  stm32f10x_tim.o(i.TIM_GetCounter)
    i.TIM_GetITStatus                        0x08001b1c   Section        0  stm32f10x_tim.o(i.TIM_GetITStatus)
    i.TIM_ITConfig                           0x08001b3e   Section        0  stm32f10x_tim.o(i.TIM_ITConfig)
    i.TIM_InternalClockConfig                0x08001b50   Section        0  stm32f10x_tim.o(i.TIM_InternalClockConfig)
    i.TIM_OC2Init                            0x08001b5c   Section        0  stm32f10x_tim.o(i.TIM_OC2Init)
    i.TIM_OC2PreloadConfig                   0x08001c00   Section        0  stm32f10x_tim.o(i.TIM_OC2PreloadConfig)
    i.TIM_OC3Init                            0x08001c1c   Section        0  stm32f10x_tim.o(i.TIM_OC3Init)
    i.TIM_OC3PreloadConfig                   0x08001cbc   Section        0  stm32f10x_tim.o(i.TIM_OC3PreloadConfig)
    i.TIM_OCStructInit                       0x08001cce   Section        0  stm32f10x_tim.o(i.TIM_OCStructInit)
    i.TIM_TimeBaseInit                       0x08001ce4   Section        0  stm32f10x_tim.o(i.TIM_TimeBaseInit)
    i.TIM_TimeBaseStructInit                 0x08001d88   Section        0  stm32f10x_tim.o(i.TIM_TimeBaseStructInit)
    i.USART2_IRQHandler                      0x08001d9c   Section        0  serial.o(i.USART2_IRQHandler)
    i.USART3_IRQHandler                      0x08001de0   Section        0  serial.o(i.USART3_IRQHandler)
    i.USART_ClearITPendingBit                0x08001e24   Section        0  stm32f10x_usart.o(i.USART_ClearITPendingBit)
    i.USART_Cmd                              0x08001e42   Section        0  stm32f10x_usart.o(i.USART_Cmd)
    i.USART_GetFlagStatus                    0x08001e5a   Section        0  stm32f10x_usart.o(i.USART_GetFlagStatus)
    i.USART_GetITStatus                      0x08001e74   Section        0  stm32f10x_usart.o(i.USART_GetITStatus)
    i.USART_ITConfig                         0x08001ec8   Section        0  stm32f10x_usart.o(i.USART_ITConfig)
    i.USART_Init                             0x08001f14   Section        0  stm32f10x_usart.o(i.USART_Init)
    i.USART_ReceiveData                      0x08001fec   Section        0  stm32f10x_usart.o(i.USART_ReceiveData)
    i.USART_SendData                         0x08001ff6   Section        0  stm32f10x_usart.o(i.USART_SendData)
    i.USART_StructInit                       0x08001ffe   Section        0  stm32f10x_usart.o(i.USART_StructInit)
    i.UsageFault_Handler                     0x08002016   Section        0  stm32f10x_it.o(i.UsageFault_Handler)
    i.main                                   0x0800201c   Section        0  main.o(i.main)
    x$fpl$fdiv                               0x08002130   Section      388  fdiv.o(x$fpl$fdiv)
    _fdiv1                                   0x08002131   Thumb Code     0  fdiv.o(x$fpl$fdiv)
    x$fpl$ffixu                              0x080022b4   Section       62  ffixu.o(x$fpl$ffixu)
    x$fpl$ffltu                              0x080022f4   Section       38  fflt_clz.o(x$fpl$ffltu)
    x$fpl$fnaninf                            0x0800231a   Section      140  fnaninf.o(x$fpl$fnaninf)
    x$fpl$fretinf                            0x080023a6   Section       10  fretinf.o(x$fpl$fretinf)
    x$fpl$usenofp                            0x080023b0   Section        0  usenofp.o(x$fpl$usenofp)
    .data                                    0x20000000   Section       20  stm32f10x_rcc.o(.data)
    APBAHBPrescTable                         0x20000000   Data          16  stm32f10x_rcc.o(.data)
    ADCPrescTable                            0x20000010   Data           4  stm32f10x_rcc.o(.data)
    .data                                    0x20000014   Section        9  mytim.o(.data)
    DIV100Count                              0x2000001c   Data           1  mytim.o(.data)
    .data                                    0x2000001d   Section        8  serial.o(.data)
    .data                                    0x20000028   Section       36  myhcsr04.o(.data)
    ResultFilter_Counter                     0x2000003a   Data           1  myhcsr04.o(.data)
    TrigCtrlerCount2                         0x2000003b   Data           1  myhcsr04.o(.data)
    MyHCSR04_EchoCtrlerSM_State              0x2000003c   Data           1  myhcsr04.o(.data)
    CountEchoStart                           0x20000040   Data           4  myhcsr04.o(.data)
    NumCount                                 0x20000044   Data           1  myhcsr04.o(.data)
    CollectNums                              0x20000046   Data           6  myhcsr04.o(.data)
    .data                                    0x2000004c   Section        8  myadcanddma.o(.data)
    .data                                    0x20000054   Section       43  mydht11.o(.data)
    GPIO_InitStruct                          0x20000054   Data           4  mydht11.o(.data)
    EXTI_InitStruct                          0x20000058   Data           8  mydht11.o(.data)
    Count                                    0x2000007e   Data           1  mydht11.o(.data)
    .bss                                     0x20000080   Section      216  serial.o(.bss)
    .bss                                     0x20000158   Section       40  mydht11.o(.bss)
    .bss                                     0x20000180   Section       96  libspace.o(.bss)
    HEAP                                     0x200001e0   Section      512  startup_stm32f10x_md.o(HEAP)
    Heap_Mem                                 0x200001e0   Data         512  startup_stm32f10x_md.o(HEAP)
    STACK                                    0x200003e0   Section     1024  startup_stm32f10x_md.o(STACK)
    Stack_Mem                                0x200003e0   Data        1024  startup_stm32f10x_md.o(STACK)
    __initial_sp                             0x200007e0   Data           0  startup_stm32f10x_md.o(STACK)

    Global Symbols

    Symbol Name                              Value     Ov Type        Size  Object(Section)

    BuildAttributes$$THM_ISAv4$P$D$K$B$S$PE$A:L22UL41UL21$X:L11$S22US41US21$IEEE1$IW$USESV6$~STKCKD$USESV7$~SHL$OSPACE$ROPI$EBA8$UX$STANDARDLIB$REQ8$PRES8$EABIv2 0x00000000   Number         0  anon$$obj.o ABSOLUTE
    __ARM_use_no_argv                        0x00000000   Number         0  main.o ABSOLUTE
    __ARM_exceptions_init                     - Undefined Weak Reference
    __alloca_initialize                       - Undefined Weak Reference
    __arm_preinit_                            - Undefined Weak Reference
    __cpp_initialize__aeabi_                  - Undefined Weak Reference
    __cxa_finalize                            - Undefined Weak Reference
    __rt_locale                               - Undefined Weak Reference
    __sigvec_lookup                           - Undefined Weak Reference
    _atexit_init                              - Undefined Weak Reference
    _call_atexit_fns                          - Undefined Weak Reference
    _clock_init                               - Undefined Weak Reference
    _fp_trap_init                             - Undefined Weak Reference
    _fp_trap_shutdown                         - Undefined Weak Reference
    _get_lc_collate                           - Undefined Weak Reference
    _get_lc_ctype                             - Undefined Weak Reference
    _get_lc_monetary                          - Undefined Weak Reference
    _get_lc_numeric                           - Undefined Weak Reference
    _get_lc_time                              - Undefined Weak Reference
    _getenv_init                              - Undefined Weak Reference
    _handle_redirection                       - Undefined Weak Reference
    _init_alloc                               - Undefined Weak Reference
    _init_user_alloc                          - Undefined Weak Reference
    _initio                                   - Undefined Weak Reference
    _printf_post_padding                      - Undefined Weak Reference
    _printf_pre_padding                       - Undefined Weak Reference
    _printf_truncate_signed                   - Undefined Weak Reference
    _printf_truncate_unsigned                 - Undefined Weak Reference
    _rand_init                                - Undefined Weak Reference
    _signal_finish                            - Undefined Weak Reference
    _signal_init                              - Undefined Weak Reference
    _terminate_alloc                          - Undefined Weak Reference
    _terminate_user_alloc                     - Undefined Weak Reference
    _terminateio                              - Undefined Weak Reference
    __Vectors_Size                           0x000000ec   Number         0  startup_stm32f10x_md.o ABSOLUTE
    __Vectors                                0x08000000   Data           4  startup_stm32f10x_md.o(RESET)
    __Vectors_End                            0x080000ec   Data           0  startup_stm32f10x_md.o(RESET)
    __main                                   0x080000ed   Thumb Code     8  __main.o(!!!main)
    __scatterload                            0x080000f5   Thumb Code     0  __scatter.o(!!!scatter)
    __scatterload_rt2                        0x080000f5   Thumb Code    44  __scatter.o(!!!scatter)
    __scatterload_rt2_thumb_only             0x080000f5   Thumb Code     0  __scatter.o(!!!scatter)
    __scatterload_null                       0x08000103   Thumb Code     0  __scatter.o(!!!scatter)
    __scatterload_copy                       0x08000129   Thumb Code    26  __scatter_copy.o(!!handler_copy)
    __scatterload_zeroinit                   0x08000145   Thumb Code    28  __scatter_zi.o(!!handler_zi)
    __rt_lib_init                            0x08000161   Thumb Code     0  libinit.o(.ARM.Collect$$libinit$$00000000)
    __rt_lib_init_alloca_1                   0x08000163   Thumb Code     0  libinit2.o(.ARM.Collect$$libinit$$0000002E)
    __rt_lib_init_argv_1                     0x08000163   Thumb Code     0  libinit2.o(.ARM.Collect$$libinit$$0000002C)
    __rt_lib_init_atexit_1                   0x08000163   Thumb Code     0  libinit2.o(.ARM.Collect$$libinit$$0000001B)
    __rt_lib_init_clock_1                    0x08000163   Thumb Code     0  libinit2.o(.ARM.Collect$$libinit$$00000021)
    __rt_lib_init_cpp_1                      0x08000163   Thumb Code     0  libinit2.o(.ARM.Collect$$libinit$$00000032)
    __rt_lib_init_exceptions_1               0x08000163   Thumb Code     0  libinit2.o(.ARM.Collect$$libinit$$00000030)
    __rt_lib_init_fp_1                       0x08000163   Thumb Code     0  libinit2.o(.ARM.Collect$$libinit$$00000002)
    __rt_lib_init_fp_trap_1                  0x08000163   Thumb Code     0  libinit2.o(.ARM.Collect$$libinit$$0000001F)
    __rt_lib_init_getenv_1                   0x08000163   Thumb Code     0  libinit2.o(.ARM.Collect$$libinit$$00000023)
    __rt_lib_init_heap_1                     0x08000163   Thumb Code     0  libinit2.o(.ARM.Collect$$libinit$$0000000A)
    __rt_lib_init_lc_collate_1               0x08000163   Thumb Code     0  libinit2.o(.ARM.Collect$$libinit$$00000011)
    __rt_lib_init_lc_ctype_1                 0x08000163   Thumb Code     0  libinit2.o(.ARM.Collect$$libinit$$00000013)
    __rt_lib_init_lc_monetary_1              0x08000163   Thumb Code     0  libinit2.o(.ARM.Collect$$libinit$$00000015)
    __rt_lib_init_lc_numeric_1               0x08000163   Thumb Code     0  libinit2.o(.ARM.Collect$$libinit$$00000017)
    __rt_lib_init_lc_time_1                  0x08000163   Thumb Code     0  libinit2.o(.ARM.Collect$$libinit$$00000019)
    __rt_lib_init_preinit_1                  0x08000163   Thumb Code     0  libinit2.o(.ARM.Collect$$libinit$$00000004)
    __rt_lib_init_rand_1                     0x08000163   Thumb Code     0  libinit2.o(.ARM.Collect$$libinit$$0000000E)
    __rt_lib_init_return                     0x08000163   Thumb Code     0  libinit2.o(.ARM.Collect$$libinit$$00000033)
    __rt_lib_init_signal_1                   0x08000163   Thumb Code     0  libinit2.o(.ARM.Collect$$libinit$$0000001D)
    __rt_lib_init_stdio_1                    0x08000163   Thumb Code     0  libinit2.o(.ARM.Collect$$libinit$$00000025)
    __rt_lib_init_user_alloc_1               0x08000163   Thumb Code     0  libinit2.o(.ARM.Collect$$libinit$$0000000C)
    __rt_lib_shutdown                        0x08000165   Thumb Code     0  libshutdown.o(.ARM.Collect$$libshutdown$$00000000)
    __rt_lib_shutdown_cpp_1                  0x08000167   Thumb Code     0  libshutdown2.o(.ARM.Collect$$libshutdown$$00000002)
    __rt_lib_shutdown_fp_trap_1              0x08000167   Thumb Code     0  libshutdown2.o(.ARM.Collect$$libshutdown$$00000007)
    __rt_lib_shutdown_heap_1                 0x08000167   Thumb Code     0  libshutdown2.o(.ARM.Collect$$libshutdown$$0000000F)
    __rt_lib_shutdown_return                 0x08000167   Thumb Code     0  libshutdown2.o(.ARM.Collect$$libshutdown$$00000010)
    __rt_lib_shutdown_signal_1               0x08000167   Thumb Code     0  libshutdown2.o(.ARM.Collect$$libshutdown$$0000000A)
    __rt_lib_shutdown_stdio_1                0x08000167   Thumb Code     0  libshutdown2.o(.ARM.Collect$$libshutdown$$00000004)
    __rt_lib_shutdown_user_alloc_1           0x08000167   Thumb Code     0  libshutdown2.o(.ARM.Collect$$libshutdown$$0000000C)
    __rt_entry                               0x08000169   Thumb Code     0  __rtentry.o(.ARM.Collect$$rtentry$$00000000)
    __rt_entry_presh_1                       0x08000169   Thumb Code     0  __rtentry2.o(.ARM.Collect$$rtentry$$00000002)
    __rt_entry_sh                            0x08000169   Thumb Code     0  __rtentry4.o(.ARM.Collect$$rtentry$$00000004)
    __rt_entry_li                            0x0800016f   Thumb Code     0  __rtentry2.o(.ARM.Collect$$rtentry$$0000000A)
    __rt_entry_postsh_1                      0x0800016f   Thumb Code     0  __rtentry2.o(.ARM.Collect$$rtentry$$00000009)
    __rt_entry_main                          0x08000173   Thumb Code     0  __rtentry2.o(.ARM.Collect$$rtentry$$0000000D)
    __rt_entry_postli_1                      0x08000173   Thumb Code     0  __rtentry2.o(.ARM.Collect$$rtentry$$0000000C)
    __rt_exit                                0x0800017b   Thumb Code     0  rtexit.o(.ARM.Collect$$rtexit$$00000000)
    __rt_exit_ls                             0x0800017d   Thumb Code     0  rtexit2.o(.ARM.Collect$$rtexit$$00000003)
    __rt_exit_prels_1                        0x0800017d   Thumb Code     0  rtexit2.o(.ARM.Collect$$rtexit$$00000002)
    __rt_exit_exit                           0x08000181   Thumb Code     0  rtexit2.o(.ARM.Collect$$rtexit$$00000004)
    Reset_Handler                            0x08000189   Thumb Code     8  startup_stm32f10x_md.o(.text)
    ADC1_2_IRQHandler                        0x080001a3   Thumb Code     0  startup_stm32f10x_md.o(.text)
    CAN1_RX1_IRQHandler                      0x080001a3   Thumb Code     0  startup_stm32f10x_md.o(.text)
    CAN1_SCE_IRQHandler                      0x080001a3   Thumb Code     0  startup_stm32f10x_md.o(.text)
    DMA1_Channel1_IRQHandler                 0x080001a3   Thumb Code     0  startup_stm32f10x_md.o(.text)
    DMA1_Channel2_IRQHandler                 0x080001a3   Thumb Code     0  startup_stm32f10x_md.o(.text)
    DMA1_Channel3_IRQHandler                 0x080001a3   Thumb Code     0  startup_stm32f10x_md.o(.text)
    DMA1_Channel4_IRQHandler                 0x080001a3   Thumb Code     0  startup_stm32f10x_md.o(.text)
    DMA1_Channel5_IRQHandler                 0x080001a3   Thumb Code     0  startup_stm32f10x_md.o(.text)
    DMA1_Channel6_IRQHandler                 0x080001a3   Thumb Code     0  startup_stm32f10x_md.o(.text)
    DMA1_Channel7_IRQHandler                 0x080001a3   Thumb Code     0  startup_stm32f10x_md.o(.text)
    EXTI0_IRQHandler                         0x080001a3   Thumb Code     0  startup_stm32f10x_md.o(.text)
    EXTI1_IRQHandler                         0x080001a3   Thumb Code     0  startup_stm32f10x_md.o(.text)
    EXTI2_IRQHandler                         0x080001a3   Thumb Code     0  startup_stm32f10x_md.o(.text)
    EXTI3_IRQHandler                         0x080001a3   Thumb Code     0  startup_stm32f10x_md.o(.text)
    FLASH_IRQHandler                         0x080001a3   Thumb Code     0  startup_stm32f10x_md.o(.text)
    I2C1_ER_IRQHandler                       0x080001a3   Thumb Code     0  startup_stm32f10x_md.o(.text)
    I2C1_EV_IRQHandler                       0x080001a3   Thumb Code     0  startup_stm32f10x_md.o(.text)
    I2C2_ER_IRQHandler                       0x080001a3   Thumb Code     0  startup_stm32f10x_md.o(.text)
    I2C2_EV_IRQHandler                       0x080001a3   Thumb Code     0  startup_stm32f10x_md.o(.text)
    PVD_IRQHandler                           0x080001a3   Thumb Code     0  startup_stm32f10x_md.o(.text)
    RCC_IRQHandler                           0x080001a3   Thumb Code     0  startup_stm32f10x_md.o(.text)
    RTCAlarm_IRQHandler                      0x080001a3   Thumb Code     0  startup_stm32f10x_md.o(.text)
    RTC_IRQHandler                           0x080001a3   Thumb Code     0  startup_stm32f10x_md.o(.text)
    SPI1_IRQHandler                          0x080001a3   Thumb Code     0  startup_stm32f10x_md.o(.text)
    SPI2_IRQHandler                          0x080001a3   Thumb Code     0  startup_stm32f10x_md.o(.text)
    TAMPER_IRQHandler                        0x080001a3   Thumb Code     0  startup_stm32f10x_md.o(.text)
    TIM1_BRK_IRQHandler                      0x080001a3   Thumb Code     0  startup_stm32f10x_md.o(.text)
    TIM1_CC_IRQHandler                       0x080001a3   Thumb Code     0  startup_stm32f10x_md.o(.text)
    TIM1_TRG_COM_IRQHandler                  0x080001a3   Thumb Code     0  startup_stm32f10x_md.o(.text)
    TIM4_IRQHandler                          0x080001a3   Thumb Code     0  startup_stm32f10x_md.o(.text)
    USART1_IRQHandler                        0x080001a3   Thumb Code     0  startup_stm32f10x_md.o(.text)
    USBWakeUp_IRQHandler                     0x080001a3   Thumb Code     0  startup_stm32f10x_md.o(.text)
    USB_HP_CAN1_TX_IRQHandler                0x080001a3   Thumb Code     0  startup_stm32f10x_md.o(.text)
    USB_LP_CAN1_RX0_IRQHandler               0x080001a3   Thumb Code     0  startup_stm32f10x_md.o(.text)
    WWDG_IRQHandler                          0x080001a3   Thumb Code     0  startup_stm32f10x_md.o(.text)
    __user_initial_stackheap                 0x080001a5   Thumb Code     0  startup_stm32f10x_md.o(.text)
    __use_two_region_memory                  0x080001c9   Thumb Code     2  heapauxi.o(.text)
    __rt_heap_escrow$2region                 0x080001cb   Thumb Code     2  heapauxi.o(.text)
    __rt_heap_expand$2region                 0x080001cd   Thumb Code     2  heapauxi.o(.text)
    __user_setup_stackheap                   0x080001cf   Thumb Code    74  sys_stackheap_outer.o(.text)
    exit                                     0x08000219   Thumb Code    18  exit.o(.text)
    __user_libspace                          0x0800022d   Thumb Code     8  libspace.o(.text)
    __user_perproc_libspace                  0x0800022d   Thumb Code     0  libspace.o(.text)
    __user_perthread_libspace                0x0800022d   Thumb Code     0  libspace.o(.text)
    _sys_exit                                0x08000235   Thumb Code     8  sys_exit.o(.text)
    __I$use$semihosting                      0x08000241   Thumb Code     0  use_no_semi.o(.text)
    __use_no_semihosting_swi                 0x08000241   Thumb Code     2  use_no_semi.o(.text)
    ADC_Cmd                                  0x08000243   Thumb Code    22  stm32f10x_adc.o(i.ADC_Cmd)
    __semihosting_library_function           0x08000243   Thumb Code     0  indicate_semi.o(.text)
    ADC_DMACmd                               0x08000259   Thumb Code    22  stm32f10x_adc.o(i.ADC_DMACmd)
    ADC_GetCalibrationStatus                 0x0800026f   Thumb Code    20  stm32f10x_adc.o(i.ADC_GetCalibrationStatus)
    ADC_GetResetCalibrationStatus            0x08000283   Thumb Code    20  stm32f10x_adc.o(i.ADC_GetResetCalibrationStatus)
    ADC_Init                                 0x08000299   Thumb Code    70  stm32f10x_adc.o(i.ADC_Init)
    ADC_RegularChannelConfig                 0x080002e9   Thumb Code   184  stm32f10x_adc.o(i.ADC_RegularChannelConfig)
    ADC_ResetCalibration                     0x080003a1   Thumb Code    10  stm32f10x_adc.o(i.ADC_ResetCalibration)
    ADC_SoftwareStartConvCmd                 0x080003ab   Thumb Code    22  stm32f10x_adc.o(i.ADC_SoftwareStartConvCmd)
    ADC_StartCalibration                     0x080003c1   Thumb Code    10  stm32f10x_adc.o(i.ADC_StartCalibration)
    ADC_StructInit                           0x080003cb   Thumb Code    18  stm32f10x_adc.o(i.ADC_StructInit)
    BusFault_Handler                         0x080003dd   Thumb Code     4  stm32f10x_it.o(i.BusFault_Handler)
    DMA_Cmd                                  0x080003e1   Thumb Code    24  stm32f10x_dma.o(i.DMA_Cmd)
    DMA_Init                                 0x080003f9   Thumb Code    60  stm32f10x_dma.o(i.DMA_Init)
    DMA_StructInit                           0x08000435   Thumb Code    26  stm32f10x_dma.o(i.DMA_StructInit)
    DebugMon_Handler                         0x0800044f   Thumb Code     2  stm32f10x_it.o(i.DebugMon_Handler)
    Delay_ms                                 0x08000451   Thumb Code    24  delay.o(i.Delay_ms)
    Delay_us                                 0x08000469   Thumb Code    46  delay.o(i.Delay_us)
    EXTI15_10_IRQHandler                     0x08000497   Thumb Code    26  main.o(i.EXTI15_10_IRQHandler)
    EXTI4_IRQHandler                         0x080004b1   Thumb Code    24  main.o(i.EXTI4_IRQHandler)
    EXTI9_5_IRQHandler                       0x080004c9   Thumb Code    36  main.o(i.EXTI9_5_IRQHandler)
    EXTI_ClearITPendingBit                   0x080004ed   Thumb Code     6  stm32f10x_exti.o(i.EXTI_ClearITPendingBit)
    EXTI_GetITStatus                         0x080004f9   Thumb Code    34  stm32f10x_exti.o(i.EXTI_GetITStatus)
    EXTI_Init                                0x08000521   Thumb Code   142  stm32f10x_exti.o(i.EXTI_Init)
    EXTI_StructInit                          0x080005b5   Thumb Code    16  stm32f10x_exti.o(i.EXTI_StructInit)
    GPIO_EXTILineConfig                      0x080005c5   Thumb Code    60  stm32f10x_gpio.o(i.GPIO_EXTILineConfig)
    GPIO_Init                                0x08000605   Thumb Code   278  stm32f10x_gpio.o(i.GPIO_Init)
    GPIO_ResetBits                           0x0800071b   Thumb Code     4  stm32f10x_gpio.o(i.GPIO_ResetBits)
    GPIO_StructInit                          0x0800071f   Thumb Code    16  stm32f10x_gpio.o(i.GPIO_StructInit)
    GPIO_WriteBit                            0x0800072f   Thumb Code    10  stm32f10x_gpio.o(i.GPIO_WriteBit)
    HardFault_Handler                        0x08000739   Thumb Code     4  stm32f10x_it.o(i.HardFault_Handler)
    MemManage_Handler                        0x0800073d   Thumb Code     4  stm32f10x_it.o(i.MemManage_Handler)
    MyADCAndDMA_Init                         0x08000741   Thumb Code   188  myadcanddma.o(i.MyADCAndDMA_Init)
    MyAirPump_Init                           0x08000809   Thumb Code    40  myairpump.o(i.MyAirPump_Init)
    MyAirPump_Off                            0x08000835   Thumb Code    14  myairpump.o(i.MyAirPump_Off)
    MyAquariumHeater_Init                    0x08000849   Thumb Code    40  myaquariumheater.o(i.MyAquariumHeater_Init)
    MyAquariumHeater_Off                     0x08000875   Thumb Code    14  myaquariumheater.o(i.MyAquariumHeater_Off)
    MyArray_GetAverage_uint16_t              0x08000889   Thumb Code    52  array.o(i.MyArray_GetAverage_uint16_t)
    MyArray_TailAdd_uint16_t                 0x080008bd   Thumb Code    34  array.o(i.MyArray_TailAdd_uint16_t)
    MyDHT11ReadCheck                         0x080008e1   Thumb Code    36  mydht11.o(i.MyDHT11ReadCheck)
    MyDHT11_Count_ReadInterval_Save          0x08000919   Thumb Code    50  mydht11.o(i.MyDHT11_Count_ReadInterval_Save)
    MyDHT11_Count_ReadInterval_Start         0x0800095d   Thumb Code    20  mydht11.o(i.MyDHT11_Count_ReadInterval_Start)
    MyDHT11_Count_TIM3ARer                   0x0800097d   Thumb Code    20  mydht11.o(i.MyDHT11_Count_TIM3ARer)
    MyDHT11_DataTranslate                    0x08000999   Thumb Code   122  mydht11.o(i.MyDHT11_DataTranslate)
    MyDHT11_Init                             0x08000a1d   Thumb Code    96  mydht11.o(i.MyDHT11_Init)
    MyDHT11_ReadCheckTimer                   0x08000a89   Thumb Code    44  mydht11.o(i.MyDHT11_ReadCheckTimer)
    MyDHT11_ReadFailed                       0x08000abd   Thumb Code     8  mydht11.o(i.MyDHT11_ReadFailed)
    MyDHT11_ReadSucced                       0x08000ac5   Thumb Code     8  mydht11.o(i.MyDHT11_ReadSucced)
    MyDHT11_ReaderSM                         0x08000acd   Thumb Code   274  mydht11.o(i.MyDHT11_ReaderSM)
    MyDHT11_ReaderSM_PrePrepare              0x08000c01   Thumb Code    14  mydht11.o(i.MyDHT11_ReaderSM_PrePrepare)
    MyDHT11_Reset                            0x08000c15   Thumb Code    22  mydht11.o(i.MyDHT11_Reset)
    MyDHT11_SetEXTITrigFalling               0x08000c39   Thumb Code    16  mydht11.o(i.MyDHT11_SetEXTITrigFalling)
    MyDHT11_SetEXTITrigRising                0x08000c4d   Thumb Code    16  mydht11.o(i.MyDHT11_SetEXTITrigRising)
    MyDHT11_SetMode_Read                     0x08000c61   Thumb Code    28  mydht11.o(i.MyDHT11_SetMode_Read)
    MyDHT11_SetMode_Write                    0x08000c89   Thumb Code    28  mydht11.o(i.MyDHT11_SetMode_Write)
    MyDHT11_SwitchOn                         0x08000cb1   Thumb Code    36  mydht11.o(i.MyDHT11_SwitchOn)
    MyDHT11_WriterSM                         0x08000ce5   Thumb Code   106  mydht11.o(i.MyDHT11_WriterSM)
    MyHCSR04_CollectEchoSpan                 0x08000d65   Thumb Code    56  myhcsr04.o(i.MyHCSR04_CollectEchoSpan)
    MyHCSR04_EchoCtrlerSM                    0x08000dad   Thumb Code    86  myhcsr04.o(i.MyHCSR04_EchoCtrlerSM)
    MyHCSR04_Echo_Init                       0x08000e19   Thumb Code   106  myhcsr04.o(i.MyHCSR04_Echo_Init)
    MyHCSR04_SetEXITTrig                     0x08000e8d   Thumb Code    14  myhcsr04.o(i.MyHCSR04_SetEXITTrig)
    MyHCSR04_TrigCtrler                      0x08000ea1   Thumb Code    48  myhcsr04.o(i.MyHCSR04_TrigCtrler)
    MyHCSR04_TrigCtrlerSwitchOn              0x08000ed9   Thumb Code    12  myhcsr04.o(i.MyHCSR04_TrigCtrlerSwitchOn)
    MyHCSR04_TrigRESETer                     0x08000eed   Thumb Code    34  myhcsr04.o(i.MyHCSR04_TrigRESETer)
    MyHCSR04_TrigSETer                       0x08000f1d   Thumb Code    28  myhcsr04.o(i.MyHCSR04_TrigSETer)
    MyHCSR04_Trig_Init                       0x08000f41   Thumb Code    48  myhcsr04.o(i.MyHCSR04_Trig_Init)
    MyLightSensor_Init                       0x08000f75   Thumb Code    48  mylightsensor.o(i.MyLightSensor_Init)
    MyPlantGrowLamp_Init                     0x08000fad   Thumb Code    40  myplantgrowlamp.o(i.MyPlantGrowLamp_Init)
    MyPlantGrowLamp_Off                      0x08000fd9   Thumb Code    14  myplantgrowlamp.o(i.MyPlantGrowLamp_Off)
    MySG90_Init                              0x08000fed   Thumb Code   114  mysg90.o(i.MySG90_Init)
    MySoilMoistureSensor_Init                0x08001069   Thumb Code    48  mysoilmoisturesensor.o(i.MySoilMoistureSensor_Init)
    MyTIM1_Init                              0x080010a1   Thumb Code   118  mytim.o(i.MyTIM1_Init)
    MyTIM2_Init                              0x0800111d   Thumb Code   116  mytim.o(i.MyTIM2_Init)
    MyTIM3_DIV100                            0x08001191   Thumb Code    36  mytim.o(i.MyTIM3_DIV100)
    MyTIM3_Init                              0x080011b9   Thumb Code   116  mytim.o(i.MyTIM3_Init)
    MyTest_PB5_Init                          0x08001231   Thumb Code    34  mytest.o(i.MyTest_PB5_Init)
    MyTest_PB5_WriteSET                      0x08001259   Thumb Code    14  mytest.o(i.MyTest_PB5_WriteSET)
    MyWaterPump_Init                         0x0800126d   Thumb Code   114  mywaterpump.o(i.MyWaterPump_Init)
    MyWaterQualitySensor_Init                0x080012e9   Thumb Code    48  mywaterqualitysensor.o(i.MyWaterQualitySensor_Init)
    NMI_Handler                              0x08001321   Thumb Code     2  stm32f10x_it.o(i.NMI_Handler)
    NVIC_Init                                0x08001325   Thumb Code   100  misc.o(i.NVIC_Init)
    NVIC_PriorityGroupConfig                 0x08001395   Thumb Code    10  misc.o(i.NVIC_PriorityGroupConfig)
    OLED_Clear                               0x080013a9   Thumb Code    42  oled.o(i.OLED_Clear)
    OLED_I2C_Init                            0x080013d5   Thumb Code    76  oled.o(i.OLED_I2C_Init)
    OLED_I2C_SendByte                        0x08001425   Thumb Code    80  oled.o(i.OLED_I2C_SendByte)
    OLED_I2C_Start                           0x08001479   Thumb Code    48  oled.o(i.OLED_I2C_Start)
    OLED_I2C_Stop                            0x080014ad   Thumb Code    36  oled.o(i.OLED_I2C_Stop)
    OLED_Init                                0x080014d5   Thumb Code   174  oled.o(i.OLED_Init)
    OLED_SetCursor                           0x08001583   Thumb Code    34  oled.o(i.OLED_SetCursor)
    OLED_WriteCommand                        0x080015a5   Thumb Code    32  oled.o(i.OLED_WriteCommand)
    OLED_WriteData                           0x080015c5   Thumb Code    32  oled.o(i.OLED_WriteData)
    PendSV_Handler                           0x080015e5   Thumb Code     2  stm32f10x_it.o(i.PendSV_Handler)
    RCC_ADCCLKConfig                         0x080015e9   Thumb Code    18  stm32f10x_rcc.o(i.RCC_ADCCLKConfig)
    RCC_AHBPeriphClockCmd                    0x08001601   Thumb Code    26  stm32f10x_rcc.o(i.RCC_AHBPeriphClockCmd)
    RCC_APB1PeriphClockCmd                   0x08001621   Thumb Code    26  stm32f10x_rcc.o(i.RCC_APB1PeriphClockCmd)
    RCC_APB2PeriphClockCmd                   0x08001641   Thumb Code    26  stm32f10x_rcc.o(i.RCC_APB2PeriphClockCmd)
    RCC_GetClocksFreq                        0x08001661   Thumb Code   192  stm32f10x_rcc.o(i.RCC_GetClocksFreq)
    SVC_Handler                              0x08001735   Thumb Code     2  stm32f10x_it.o(i.SVC_Handler)
    Serial_Auto_StateMachine                 0x08001739   Thumb Code   128  serial.o(i.Serial_Auto_StateMachine)
    Serial_Init                              0x080017bd   Thumb Code   228  serial.o(i.Serial_Init)
    Serial_SendByte                          0x080018b5   Thumb Code    30  serial.o(i.Serial_SendByte)
    Serial_SendStringPacketV2                0x080018d3   Thumb Code    26  serial.o(i.Serial_SendStringPacketV2)
    SysTick_Handler                          0x080019d5   Thumb Code     2  stm32f10x_it.o(i.SysTick_Handler)
    SystemInit                               0x080019d9   Thumb Code    78  system_stm32f10x.o(i.SystemInit)
    TIM1_UP_IRQHandler                       0x08001a39   Thumb Code    24  main.o(i.TIM1_UP_IRQHandler)
    TIM2_IRQHandler                          0x08001a55   Thumb Code    42  main.o(i.TIM2_IRQHandler)
    TIM3_IRQHandler                          0x08001a85   Thumb Code    46  main.o(i.TIM3_IRQHandler)
    TIM_ARRPreloadConfig                     0x08001abd   Thumb Code    24  stm32f10x_tim.o(i.TIM_ARRPreloadConfig)
    TIM_ClearFlag                            0x08001ad5   Thumb Code     6  stm32f10x_tim.o(i.TIM_ClearFlag)
    TIM_ClearITPendingBit                    0x08001adb   Thumb Code     6  stm32f10x_tim.o(i.TIM_ClearITPendingBit)
    TIM_Cmd                                  0x08001ae1   Thumb Code    24  stm32f10x_tim.o(i.TIM_Cmd)
    TIM_CtrlPWMOutputs                       0x08001af9   Thumb Code    30  stm32f10x_tim.o(i.TIM_CtrlPWMOutputs)
    TIM_GetCounter                           0x08001b17   Thumb Code     6  stm32f10x_tim.o(i.TIM_GetCounter)
    TIM_GetITStatus                          0x08001b1d   Thumb Code    34  stm32f10x_tim.o(i.TIM_GetITStatus)
    TIM_ITConfig                             0x08001b3f   Thumb Code    18  stm32f10x_tim.o(i.TIM_ITConfig)
    TIM_InternalClockConfig                  0x08001b51   Thumb Code    12  stm32f10x_tim.o(i.TIM_InternalClockConfig)
    TIM_OC2Init                              0x08001b5d   Thumb Code   154  stm32f10x_tim.o(i.TIM_OC2Init)
    TIM_OC2PreloadConfig                     0x08001c01   Thumb Code    26  stm32f10x_tim.o(i.TIM_OC2PreloadConfig)
    TIM_OC3Init                              0x08001c1d   Thumb Code   150  stm32f10x_tim.o(i.TIM_OC3Init)
    TIM_OC3PreloadConfig                     0x08001cbd   Thumb Code    18  stm32f10x_tim.o(i.TIM_OC3PreloadConfig)
    TIM_OCStructInit                         0x08001ccf   Thumb Code    20  stm32f10x_tim.o(i.TIM_OCStructInit)
    TIM_TimeBaseInit                         0x08001ce5   Thumb Code   122  stm32f10x_tim.o(i.TIM_TimeBaseInit)
    TIM_TimeBaseStructInit                   0x08001d89   Thumb Code    18  stm32f10x_tim.o(i.TIM_TimeBaseStructInit)
    USART2_IRQHandler                        0x08001d9d   Thumb Code    50  serial.o(i.USART2_IRQHandler)
    USART3_IRQHandler                        0x08001de1   Thumb Code    50  serial.o(i.USART3_IRQHandler)
    USART_ClearITPendingBit                  0x08001e25   Thumb Code    30  stm32f10x_usart.o(i.USART_ClearITPendingBit)
    USART_Cmd                                0x08001e43   Thumb Code    24  stm32f10x_usart.o(i.USART_Cmd)
    USART_GetFlagStatus                      0x08001e5b   Thumb Code    26  stm32f10x_usart.o(i.USART_GetFlagStatus)
    USART_GetITStatus                        0x08001e75   Thumb Code    84  stm32f10x_usart.o(i.USART_GetITStatus)
    USART_ITConfig                           0x08001ec9   Thumb Code    74  stm32f10x_usart.o(i.USART_ITConfig)
    USART_Init                               0x08001f15   Thumb Code   210  stm32f10x_usart.o(i.USART_Init)
    USART_ReceiveData                        0x08001fed   Thumb Code    10  stm32f10x_usart.o(i.USART_ReceiveData)
    USART_SendData                           0x08001ff7   Thumb Code     8  stm32f10x_usart.o(i.USART_SendData)
    USART_StructInit                         0x08001fff   Thumb Code    24  stm32f10x_usart.o(i.USART_StructInit)
    UsageFault_Handler                       0x08002017   Thumb Code     4  stm32f10x_it.o(i.UsageFault_Handler)
    main                                     0x0800201d   Thumb Code   234  main.o(i.main)
    __aeabi_fdiv                             0x08002131   Thumb Code     0  fdiv.o(x$fpl$fdiv)
    _fdiv                                    0x08002131   Thumb Code   384  fdiv.o(x$fpl$fdiv)
    __aeabi_f2uiz                            0x080022b5   Thumb Code     0  ffixu.o(x$fpl$ffixu)
    _ffixu                                   0x080022b5   Thumb Code    62  ffixu.o(x$fpl$ffixu)
    __aeabi_ui2f                             0x080022f5   Thumb Code     0  fflt_clz.o(x$fpl$ffltu)
    _ffltu                                   0x080022f5   Thumb Code    38  fflt_clz.o(x$fpl$ffltu)
    __fpl_fnaninf                            0x0800231b   Thumb Code   140  fnaninf.o(x$fpl$fnaninf)
    __fpl_fretinf                            0x080023a7   Thumb Code    10  fretinf.o(x$fpl$fretinf)
    Region$$Table$$Base                      0x080023b0   Number         0  anon$$obj.o(Region$$Table)
    __I$use$fp                               0x080023b0   Number         0  usenofp.o(x$fpl$usenofp)
    Region$$Table$$Limit                     0x080023d0   Number         0  anon$$obj.o(Region$$Table)
    MyTIM_2Count                             0x20000014   Data           4  mytim.o(.data)
    MyTIM_3Count                             0x20000018   Data           4  mytim.o(.data)
    Serial_RxFlag                            0x2000001d   Data           4  serial.o(.data)
    StateMachine_s1                          0x20000021   Data           1  serial.o(.data)
    StateMachine_count1                      0x20000022   Data           1  serial.o(.data)
    StateMachine_s2                          0x20000023   Data           1  serial.o(.data)
    StateMachine_count2                      0x20000024   Data           1  serial.o(.data)
    EXTI_InitStruct                          0x20000028   Data           8  myhcsr04.o(.data)
    MyHCSR04_TrigCtrler_Ctrl                 0x20000030   Data           1  myhcsr04.o(.data)
    MyHCSR04_TrigSETer_Ctrl                  0x20000031   Data           1  myhcsr04.o(.data)
    MyHCSR04_EchoCtrlerSM_Ctrl               0x20000032   Data           1  myhcsr04.o(.data)
    MyHCSR04_EchoCtrlerSM_State              0x20000033   Data           1  myhcsr04.o(.data)
    MyHCSR04_CountEchoSpan                   0x20000034   Data           4  myhcsr04.o(.data)
    MyHCSR04_CountEchoSpanFiltered           0x20000038   Data           2  myhcsr04.o(.data)
    MyADCAndDMA_Result                       0x2000004c   Data           8  myadcanddma.o(.data)
    MyDHT11_Flag_TIM3ARCounter_On            0x20000060   Data           1  mydht11.o(.data)
    MyDHT11_Count_TIM3AR                     0x20000064   Data           4  mydht11.o(.data)
    MyDHT11_Flag_ReadCheckTimer_On           0x20000068   Data           1  mydht11.o(.data)
    MyDHT11_Flag_WriterSM_On                 0x20000069   Data           1  mydht11.o(.data)
    MyDHT11_State_WriterSM                   0x2000006a   Data           1  mydht11.o(.data)
    MyDHT11_Count_WriterSM                   0x2000006c   Data           4  mydht11.o(.data)
    MyDHT11_DataArr                          0x20000070   Data           3  mydht11.o(.data)
    MyDHT11_State_ReaderSM                   0x20000073   Data           1  mydht11.o(.data)
    MyDHT11_Count_ReadInterval               0x20000074   Data           4  mydht11.o(.data)
    MyDHT11_Count_ReadIntervalStart          0x20000078   Data           4  mydht11.o(.data)
    MyDHT11_Flag_ReadSucced                  0x2000007c   Data           1  mydht11.o(.data)
    MyDHT11_Count_ReadBit                    0x2000007d   Data           1  mydht11.o(.data)
    USART_InitStruct                         0x20000080   Data          16  serial.o(.bss)
    Serial_Rx1StringPacket                   0x20000090   Data         100  serial.o(.bss)
    Serial_Rx2StringPacket                   0x200000f4   Data         100  serial.o(.bss)
    MyDHT11_BitsArr                          0x20000158   Data          40  mydht11.o(.bss)
    __libspace_start                         0x20000180   Data          96  libspace.o(.bss)
    __temporary_stack_top$libspace           0x200001e0   Data           0  libspace.o(.bss)



==============================================================================

Memory Map of the image

  Image Entry point : 0x080000ed

  Load Region LR_IROM1 (Base: 0x08000000, Size: 0x00002450, Max: 0x00010000, ABSOLUTE)

    Execution Region ER_IROM1 (Exec base: 0x08000000, Load base: 0x08000000, Size: 0x000023d0, Max: 0x00010000, ABSOLUTE)

    Exec Addr    Load Addr    Size         Type   Attr      Idx    E Section Name        Object

    0x08000000   0x08000000   0x000000ec   Data   RO           19    RESET               startup_stm32f10x_md.o
    0x080000ec   0x080000ec   0x00000008   Code   RO         4182  * !!!main             c_w.l(__main.o)
    0x080000f4   0x080000f4   0x00000034   Code   RO         4379    !!!scatter          c_w.l(__scatter.o)
    0x08000128   0x08000128   0x0000001a   Code   RO         4381    !!handler_copy      c_w.l(__scatter_copy.o)
    0x08000142   0x08000142   0x00000002   PAD
    0x08000144   0x08000144   0x0000001c   Code   RO         4383    !!handler_zi        c_w.l(__scatter_zi.o)
    0x08000160   0x08000160   0x00000002   Code   RO         4249    .ARM.Collect$$libinit$$00000000  c_w.l(libinit.o)
    0x08000162   0x08000162   0x00000000   Code   RO         4256    .ARM.Collect$$libinit$$00000002  c_w.l(libinit2.o)
    0x08000162   0x08000162   0x00000000   Code   RO         4258    .ARM.Collect$$libinit$$00000004  c_w.l(libinit2.o)
    0x08000162   0x08000162   0x00000000   Code   RO         4261    .ARM.Collect$$libinit$$0000000A  c_w.l(libinit2.o)
    0x08000162   0x08000162   0x00000000   Code   RO         4263    .ARM.Collect$$libinit$$0000000C  c_w.l(libinit2.o)
    0x08000162   0x08000162   0x00000000   Code   RO         4265    .ARM.Collect$$libinit$$0000000E  c_w.l(libinit2.o)
    0x08000162   0x08000162   0x00000000   Code   RO         4268    .ARM.Collect$$libinit$$00000011  c_w.l(libinit2.o)
    0x08000162   0x08000162   0x00000000   Code   RO         4270    .ARM.Collect$$libinit$$00000013  c_w.l(libinit2.o)
    0x08000162   0x08000162   0x00000000   Code   RO         4272    .ARM.Collect$$libinit$$00000015  c_w.l(libinit2.o)
    0x08000162   0x08000162   0x00000000   Code   RO         4274    .ARM.Collect$$libinit$$00000017  c_w.l(libinit2.o)
    0x08000162   0x08000162   0x00000000   Code   RO         4276    .ARM.Collect$$libinit$$00000019  c_w.l(libinit2.o)
    0x08000162   0x08000162   0x00000000   Code   RO         4278    .ARM.Collect$$libinit$$0000001B  c_w.l(libinit2.o)
    0x08000162   0x08000162   0x00000000   Code   RO         4280    .ARM.Collect$$libinit$$0000001D  c_w.l(libinit2.o)
    0x08000162   0x08000162   0x00000000   Code   RO         4282    .ARM.Collect$$libinit$$0000001F  c_w.l(libinit2.o)
    0x08000162   0x08000162   0x00000000   Code   RO         4284    .ARM.Collect$$libinit$$00000021  c_w.l(libinit2.o)
    0x08000162   0x08000162   0x00000000   Code   RO         4286    .ARM.Collect$$libinit$$00000023  c_w.l(libinit2.o)
    0x08000162   0x08000162   0x00000000   Code   RO         4288    .ARM.Collect$$libinit$$00000025  c_w.l(libinit2.o)
    0x08000162   0x08000162   0x00000000   Code   RO         4292    .ARM.Collect$$libinit$$0000002C  c_w.l(libinit2.o)
    0x08000162   0x08000162   0x00000000   Code   RO         4294    .ARM.Collect$$libinit$$0000002E  c_w.l(libinit2.o)
    0x08000162   0x08000162   0x00000000   Code   RO         4296    .ARM.Collect$$libinit$$00000030  c_w.l(libinit2.o)
    0x08000162   0x08000162   0x00000000   Code   RO         4298    .ARM.Collect$$libinit$$00000032  c_w.l(libinit2.o)
    0x08000162   0x08000162   0x00000002   Code   RO         4299    .ARM.Collect$$libinit$$00000033  c_w.l(libinit2.o)
    0x08000164   0x08000164   0x00000002   Code   RO         4319    .ARM.Collect$$libshutdown$$00000000  c_w.l(libshutdown.o)
    0x08000166   0x08000166   0x00000000   Code   RO         4332    .ARM.Collect$$libshutdown$$00000002  c_w.l(libshutdown2.o)
    0x08000166   0x08000166   0x00000000   Code   RO         4334    .ARM.Collect$$libshutdown$$00000004  c_w.l(libshutdown2.o)
    0x08000166   0x08000166   0x00000000   Code   RO         4337    .ARM.Collect$$libshutdown$$00000007  c_w.l(libshutdown2.o)
    0x08000166   0x08000166   0x00000000   Code   RO         4340    .ARM.Collect$$libshutdown$$0000000A  c_w.l(libshutdown2.o)
    0x08000166   0x08000166   0x00000000   Code   RO         4342    .ARM.Collect$$libshutdown$$0000000C  c_w.l(libshutdown2.o)
    0x08000166   0x08000166   0x00000000   Code   RO         4345    .ARM.Collect$$libshutdown$$0000000F  c_w.l(libshutdown2.o)
    0x08000166   0x08000166   0x00000002   Code   RO         4346    .ARM.Collect$$libshutdown$$00000010  c_w.l(libshutdown2.o)
    0x08000168   0x08000168   0x00000000   Code   RO         4206    .ARM.Collect$$rtentry$$00000000  c_w.l(__rtentry.o)
    0x08000168   0x08000168   0x00000000   Code   RO         4224    .ARM.Collect$$rtentry$$00000002  c_w.l(__rtentry2.o)
    0x08000168   0x08000168   0x00000006   Code   RO         4236    .ARM.Collect$$rtentry$$00000004  c_w.l(__rtentry4.o)
    0x0800016e   0x0800016e   0x00000000   Code   RO         4226    .ARM.Collect$$rtentry$$00000009  c_w.l(__rtentry2.o)
    0x0800016e   0x0800016e   0x00000004   Code   RO         4227    .ARM.Collect$$rtentry$$0000000A  c_w.l(__rtentry2.o)
    0x08000172   0x08000172   0x00000000   Code   RO         4229    .ARM.Collect$$rtentry$$0000000C  c_w.l(__rtentry2.o)
    0x08000172   0x08000172   0x00000008   Code   RO         4230    .ARM.Collect$$rtentry$$0000000D  c_w.l(__rtentry2.o)
    0x0800017a   0x0800017a   0x00000002   Code   RO         4253    .ARM.Collect$$rtexit$$00000000  c_w.l(rtexit.o)
    0x0800017c   0x0800017c   0x00000000   Code   RO         4301    .ARM.Collect$$rtexit$$00000002  c_w.l(rtexit2.o)
    0x0800017c   0x0800017c   0x00000004   Code   RO         4302    .ARM.Collect$$rtexit$$00000003  c_w.l(rtexit2.o)
    0x08000180   0x08000180   0x00000006   Code   RO         4303    .ARM.Collect$$rtexit$$00000004  c_w.l(rtexit2.o)
    0x08000186   0x08000186   0x00000002   PAD
    0x08000188   0x08000188   0x00000040   Code   RO           20    .text               startup_stm32f10x_md.o
    0x080001c8   0x080001c8   0x00000006   Code   RO         4180    .text               c_w.l(heapauxi.o)
    0x080001ce   0x080001ce   0x0000004a   Code   RO         4240    .text               c_w.l(sys_stackheap_outer.o)
    0x08000218   0x08000218   0x00000012   Code   RO         4242    .text               c_w.l(exit.o)
    0x0800022a   0x0800022a   0x00000002   PAD
    0x0800022c   0x0800022c   0x00000008   Code   RO         4250    .text               c_w.l(libspace.o)
    0x08000234   0x08000234   0x0000000c   Code   RO         4311    .text               c_w.l(sys_exit.o)
    0x08000240   0x08000240   0x00000002   Code   RO         4322    .text               c_w.l(use_no_semi.o)
    0x08000242   0x08000242   0x00000000   Code   RO         4324    .text               c_w.l(indicate_semi.o)
    0x08000242   0x08000242   0x00000016   Code   RO          202    i.ADC_Cmd           stm32f10x_adc.o
    0x08000258   0x08000258   0x00000016   Code   RO          203    i.ADC_DMACmd        stm32f10x_adc.o
    0x0800026e   0x0800026e   0x00000014   Code   RO          210    i.ADC_GetCalibrationStatus  stm32f10x_adc.o
    0x08000282   0x08000282   0x00000014   Code   RO          216    i.ADC_GetResetCalibrationStatus  stm32f10x_adc.o
    0x08000296   0x08000296   0x00000002   PAD
    0x08000298   0x08000298   0x00000050   Code   RO          220    i.ADC_Init          stm32f10x_adc.o
    0x080002e8   0x080002e8   0x000000b8   Code   RO          224    i.ADC_RegularChannelConfig  stm32f10x_adc.o
    0x080003a0   0x080003a0   0x0000000a   Code   RO          225    i.ADC_ResetCalibration  stm32f10x_adc.o
    0x080003aa   0x080003aa   0x00000016   Code   RO          227    i.ADC_SoftwareStartConvCmd  stm32f10x_adc.o
    0x080003c0   0x080003c0   0x0000000a   Code   RO          229    i.ADC_StartCalibration  stm32f10x_adc.o
    0x080003ca   0x080003ca   0x00000012   Code   RO          230    i.ADC_StructInit    stm32f10x_adc.o
    0x080003dc   0x080003dc   0x00000004   Code   RO         4085    i.BusFault_Handler  stm32f10x_it.o
    0x080003e0   0x080003e0   0x00000018   Code   RO          911    i.DMA_Cmd           stm32f10x_dma.o
    0x080003f8   0x080003f8   0x0000003c   Code   RO          917    i.DMA_Init          stm32f10x_dma.o
    0x08000434   0x08000434   0x0000001a   Code   RO          919    i.DMA_StructInit    stm32f10x_dma.o
    0x0800044e   0x0800044e   0x00000002   Code   RO         4086    i.DebugMon_Handler  stm32f10x_it.o
    0x08000450   0x08000450   0x00000018   Code   RO         3196    i.Delay_ms          delay.o
    0x08000468   0x08000468   0x0000002e   Code   RO         3198    i.Delay_us          delay.o
    0x08000496   0x08000496   0x0000001a   Code   RO         4006    i.EXTI15_10_IRQHandler  main.o
    0x080004b0   0x080004b0   0x00000018   Code   RO         4007    i.EXTI4_IRQHandler  main.o
    0x080004c8   0x080004c8   0x00000024   Code   RO         4008    i.EXTI9_5_IRQHandler  main.o
    0x080004ec   0x080004ec   0x0000000c   Code   RO          985    i.EXTI_ClearITPendingBit  stm32f10x_exti.o
    0x080004f8   0x080004f8   0x00000028   Code   RO          989    i.EXTI_GetITStatus  stm32f10x_exti.o
    0x08000520   0x08000520   0x00000094   Code   RO          990    i.EXTI_Init         stm32f10x_exti.o
    0x080005b4   0x080005b4   0x00000010   Code   RO          991    i.EXTI_StructInit   stm32f10x_exti.o
    0x080005c4   0x080005c4   0x00000040   Code   RO         1344    i.GPIO_EXTILineConfig  stm32f10x_gpio.o
    0x08000604   0x08000604   0x00000116   Code   RO         1347    i.GPIO_Init         stm32f10x_gpio.o
    0x0800071a   0x0800071a   0x00000004   Code   RO         1354    i.GPIO_ResetBits    stm32f10x_gpio.o
    0x0800071e   0x0800071e   0x00000010   Code   RO         1356    i.GPIO_StructInit   stm32f10x_gpio.o
    0x0800072e   0x0800072e   0x0000000a   Code   RO         1358    i.GPIO_WriteBit     stm32f10x_gpio.o
    0x08000738   0x08000738   0x00000004   Code   RO         4087    i.HardFault_Handler  stm32f10x_it.o
    0x0800073c   0x0800073c   0x00000004   Code   RO         4088    i.MemManage_Handler  stm32f10x_it.o
    0x08000740   0x08000740   0x000000c8   Code   RO         3549    i.MyADCAndDMA_Init  myadcanddma.o
    0x08000808   0x08000808   0x0000002c   Code   RO         3930    i.MyAirPump_Init    myairpump.o
    0x08000834   0x08000834   0x00000014   Code   RO         3931    i.MyAirPump_Off     myairpump.o
    0x08000848   0x08000848   0x0000002c   Code   RO         3969    i.MyAquariumHeater_Init  myaquariumheater.o
    0x08000874   0x08000874   0x00000014   Code   RO         3970    i.MyAquariumHeater_Off  myaquariumheater.o
    0x08000888   0x08000888   0x00000034   Code   RO         3221    i.MyArray_GetAverage_uint16_t  array.o
    0x080008bc   0x080008bc   0x00000022   Code   RO         3222    i.MyArray_TailAdd_uint16_t  array.o
    0x080008de   0x080008de   0x00000002   PAD
    0x080008e0   0x080008e0   0x00000038   Code   RO         3726    i.MyDHT11ReadCheck  mydht11.o
    0x08000918   0x08000918   0x00000044   Code   RO         3727    i.MyDHT11_Count_ReadInterval_Save  mydht11.o
    0x0800095c   0x0800095c   0x00000020   Code   RO         3728    i.MyDHT11_Count_ReadInterval_Start  mydht11.o
    0x0800097c   0x0800097c   0x0000001c   Code   RO         3729    i.MyDHT11_Count_TIM3ARer  mydht11.o
    0x08000998   0x08000998   0x00000084   Code   RO         3730    i.MyDHT11_DataTranslate  mydht11.o
    0x08000a1c   0x08000a1c   0x0000006c   Code   RO         3732    i.MyDHT11_Init      mydht11.o
    0x08000a88   0x08000a88   0x00000034   Code   RO         3734    i.MyDHT11_ReadCheckTimer  mydht11.o
    0x08000abc   0x08000abc   0x00000008   Code   RO         3735    i.MyDHT11_ReadFailed  mydht11.o
    0x08000ac4   0x08000ac4   0x00000008   Code   RO         3736    i.MyDHT11_ReadSucced  mydht11.o
    0x08000acc   0x08000acc   0x00000134   Code   RO         3737    i.MyDHT11_ReaderSM  mydht11.o
    0x08000c00   0x08000c00   0x00000014   Code   RO         3738    i.MyDHT11_ReaderSM_PrePrepare  mydht11.o
    0x08000c14   0x08000c14   0x00000024   Code   RO         3739    i.MyDHT11_Reset     mydht11.o
    0x08000c38   0x08000c38   0x00000014   Code   RO         3740    i.MyDHT11_SetEXTITrigFalling  mydht11.o
    0x08000c4c   0x08000c4c   0x00000014   Code   RO         3741    i.MyDHT11_SetEXTITrigRising  mydht11.o
    0x08000c60   0x08000c60   0x00000028   Code   RO         3742    i.MyDHT11_SetMode_Read  mydht11.o
    0x08000c88   0x08000c88   0x00000028   Code   RO         3743    i.MyDHT11_SetMode_Write  mydht11.o
    0x08000cb0   0x08000cb0   0x00000034   Code   RO         3746    i.MyDHT11_SwitchOn  mydht11.o
    0x08000ce4   0x08000ce4   0x00000080   Code   RO         3747    i.MyDHT11_WriterSM  mydht11.o
    0x08000d64   0x08000d64   0x00000048   Code   RO         3436    i.MyHCSR04_CollectEchoSpan  myhcsr04.o
    0x08000dac   0x08000dac   0x0000006c   Code   RO         3437    i.MyHCSR04_EchoCtrlerSM  myhcsr04.o
    0x08000e18   0x08000e18   0x00000074   Code   RO         3438    i.MyHCSR04_Echo_Init  myhcsr04.o
    0x08000e8c   0x08000e8c   0x00000014   Code   RO         3441    i.MyHCSR04_SetEXITTrig  myhcsr04.o
    0x08000ea0   0x08000ea0   0x00000038   Code   RO         3442    i.MyHCSR04_TrigCtrler  myhcsr04.o
    0x08000ed8   0x08000ed8   0x00000014   Code   RO         3443    i.MyHCSR04_TrigCtrlerSwitchOn  myhcsr04.o
    0x08000eec   0x08000eec   0x00000030   Code   RO         3444    i.MyHCSR04_TrigRESETer  myhcsr04.o
    0x08000f1c   0x08000f1c   0x00000024   Code   RO         3445    i.MyHCSR04_TrigSETer  myhcsr04.o
    0x08000f40   0x08000f40   0x00000034   Code   RO         3446    i.MyHCSR04_Trig_Init  myhcsr04.o
    0x08000f74   0x08000f74   0x00000038   Code   RO         3597    i.MyLightSensor_Init  mylightsensor.o
    0x08000fac   0x08000fac   0x0000002c   Code   RO         3890    i.MyPlantGrowLamp_Init  myplantgrowlamp.o
    0x08000fd8   0x08000fd8   0x00000014   Code   RO         3891    i.MyPlantGrowLamp_Off  myplantgrowlamp.o
    0x08000fec   0x08000fec   0x0000007c   Code   RO         3519    i.MySG90_Init       mysg90.o
    0x08001068   0x08001068   0x00000038   Code   RO         3582    i.MySoilMoistureSensor_Init  mysoilmoisturesensor.o
    0x080010a0   0x080010a0   0x0000007c   Code   RO         3244    i.MyTIM1_Init       mytim.o
    0x0800111c   0x0800111c   0x00000074   Code   RO         3245    i.MyTIM2_Init       mytim.o
    0x08001190   0x08001190   0x00000028   Code   RO         3246    i.MyTIM3_DIV100     mytim.o
    0x080011b8   0x080011b8   0x00000078   Code   RO         3247    i.MyTIM3_Init       mytim.o
    0x08001230   0x08001230   0x00000028   Code   RO         3322    i.MyTest_PB5_Init   mytest.o
    0x08001258   0x08001258   0x00000014   Code   RO         3324    i.MyTest_PB5_WriteSET  mytest.o
    0x0800126c   0x0800126c   0x0000007c   Code   RO         3534    i.MyWaterPump_Init  mywaterpump.o
    0x080012e8   0x080012e8   0x00000038   Code   RO         3567    i.MyWaterQualitySensor_Init  mywaterqualitysensor.o
    0x08001320   0x08001320   0x00000002   Code   RO         4089    i.NMI_Handler       stm32f10x_it.o
    0x08001322   0x08001322   0x00000002   PAD
    0x08001324   0x08001324   0x00000070   Code   RO          137    i.NVIC_Init         misc.o
    0x08001394   0x08001394   0x00000014   Code   RO          138    i.NVIC_PriorityGroupConfig  misc.o
    0x080013a8   0x080013a8   0x0000002a   Code   RO         3612    i.OLED_Clear        oled.o
    0x080013d2   0x080013d2   0x00000002   PAD
    0x080013d4   0x080013d4   0x00000050   Code   RO         3613    i.OLED_I2C_Init     oled.o
    0x08001424   0x08001424   0x00000054   Code   RO         3614    i.OLED_I2C_SendByte  oled.o
    0x08001478   0x08001478   0x00000034   Code   RO         3615    i.OLED_I2C_Start    oled.o
    0x080014ac   0x080014ac   0x00000028   Code   RO         3616    i.OLED_I2C_Stop     oled.o
    0x080014d4   0x080014d4   0x000000ae   Code   RO         3617    i.OLED_Init         oled.o
    0x08001582   0x08001582   0x00000022   Code   RO         3620    i.OLED_SetCursor    oled.o
    0x080015a4   0x080015a4   0x00000020   Code   RO         3627    i.OLED_WriteCommand  oled.o
    0x080015c4   0x080015c4   0x00000020   Code   RO         3628    i.OLED_WriteData    oled.o
    0x080015e4   0x080015e4   0x00000002   Code   RO         4090    i.PendSV_Handler    stm32f10x_it.o
    0x080015e6   0x080015e6   0x00000002   PAD
    0x080015e8   0x080015e8   0x00000018   Code   RO         1773    i.RCC_ADCCLKConfig  stm32f10x_rcc.o
    0x08001600   0x08001600   0x00000020   Code   RO         1774    i.RCC_AHBPeriphClockCmd  stm32f10x_rcc.o
    0x08001620   0x08001620   0x00000020   Code   RO         1775    i.RCC_APB1PeriphClockCmd  stm32f10x_rcc.o
    0x08001640   0x08001640   0x00000020   Code   RO         1777    i.RCC_APB2PeriphClockCmd  stm32f10x_rcc.o
    0x08001660   0x08001660   0x000000d4   Code   RO         1785    i.RCC_GetClocksFreq  stm32f10x_rcc.o
    0x08001734   0x08001734   0x00000002   Code   RO         4091    i.SVC_Handler       stm32f10x_it.o
    0x08001736   0x08001736   0x00000002   PAD
    0x08001738   0x08001738   0x00000084   Code   RO         3352    i.Serial_Auto_StateMachine  serial.o
    0x080017bc   0x080017bc   0x000000f8   Code   RO         3354    i.Serial_Init       serial.o
    0x080018b4   0x080018b4   0x0000001e   Code   RO         3355    i.Serial_SendByte   serial.o
    0x080018d2   0x080018d2   0x0000001a   Code   RO         3358    i.Serial_SendStringPacketV2  serial.o
    0x080018ec   0x080018ec   0x00000008   Code   RO           24    i.SetSysClock       system_stm32f10x.o
    0x080018f4   0x080018f4   0x000000e0   Code   RO           25    i.SetSysClockTo72   system_stm32f10x.o
    0x080019d4   0x080019d4   0x00000002   Code   RO         4092    i.SysTick_Handler   stm32f10x_it.o
    0x080019d6   0x080019d6   0x00000002   PAD
    0x080019d8   0x080019d8   0x00000060   Code   RO           27    i.SystemInit        system_stm32f10x.o
    0x08001a38   0x08001a38   0x0000001c   Code   RO         4009    i.TIM1_UP_IRQHandler  main.o
    0x08001a54   0x08001a54   0x00000030   Code   RO         4010    i.TIM2_IRQHandler   main.o
    0x08001a84   0x08001a84   0x00000038   Code   RO         4011    i.TIM3_IRQHandler   main.o
    0x08001abc   0x08001abc   0x00000018   Code   RO         2409    i.TIM_ARRPreloadConfig  stm32f10x_tim.o
    0x08001ad4   0x08001ad4   0x00000006   Code   RO         2415    i.TIM_ClearFlag     stm32f10x_tim.o
    0x08001ada   0x08001ada   0x00000006   Code   RO         2416    i.TIM_ClearITPendingBit  stm32f10x_tim.o
    0x08001ae0   0x08001ae0   0x00000018   Code   RO         2421    i.TIM_Cmd           stm32f10x_tim.o
    0x08001af8   0x08001af8   0x0000001e   Code   RO         2423    i.TIM_CtrlPWMOutputs  stm32f10x_tim.o
    0x08001b16   0x08001b16   0x00000006   Code   RO         2440    i.TIM_GetCounter    stm32f10x_tim.o
    0x08001b1c   0x08001b1c   0x00000022   Code   RO         2442    i.TIM_GetITStatus   stm32f10x_tim.o
    0x08001b3e   0x08001b3e   0x00000012   Code   RO         2446    i.TIM_ITConfig      stm32f10x_tim.o
    0x08001b50   0x08001b50   0x0000000c   Code   RO         2448    i.TIM_InternalClockConfig  stm32f10x_tim.o
    0x08001b5c   0x08001b5c   0x000000a4   Code   RO         2455    i.TIM_OC2Init       stm32f10x_tim.o
    0x08001c00   0x08001c00   0x0000001a   Code   RO         2458    i.TIM_OC2PreloadConfig  stm32f10x_tim.o
    0x08001c1a   0x08001c1a   0x00000002   PAD
    0x08001c1c   0x08001c1c   0x000000a0   Code   RO         2460    i.TIM_OC3Init       stm32f10x_tim.o
    0x08001cbc   0x08001cbc   0x00000012   Code   RO         2463    i.TIM_OC3PreloadConfig  stm32f10x_tim.o
    0x08001cce   0x08001cce   0x00000014   Code   RO         2468    i.TIM_OCStructInit  stm32f10x_tim.o
    0x08001ce2   0x08001ce2   0x00000002   PAD
    0x08001ce4   0x08001ce4   0x000000a4   Code   RO         2492    i.TIM_TimeBaseInit  stm32f10x_tim.o
    0x08001d88   0x08001d88   0x00000012   Code   RO         2493    i.TIM_TimeBaseStructInit  stm32f10x_tim.o
    0x08001d9a   0x08001d9a   0x00000002   PAD
    0x08001d9c   0x08001d9c   0x00000044   Code   RO         3359    i.USART2_IRQHandler  serial.o
    0x08001de0   0x08001de0   0x00000044   Code   RO         3360    i.USART3_IRQHandler  serial.o
    0x08001e24   0x08001e24   0x0000001e   Code   RO         2957    i.USART_ClearITPendingBit  stm32f10x_usart.o
    0x08001e42   0x08001e42   0x00000018   Code   RO         2960    i.USART_Cmd         stm32f10x_usart.o
    0x08001e5a   0x08001e5a   0x0000001a   Code   RO         2963    i.USART_GetFlagStatus  stm32f10x_usart.o
    0x08001e74   0x08001e74   0x00000054   Code   RO         2964    i.USART_GetITStatus  stm32f10x_usart.o
    0x08001ec8   0x08001ec8   0x0000004a   Code   RO         2966    i.USART_ITConfig    stm32f10x_usart.o
    0x08001f12   0x08001f12   0x00000002   PAD
    0x08001f14   0x08001f14   0x000000d8   Code   RO         2967    i.USART_Init        stm32f10x_usart.o
    0x08001fec   0x08001fec   0x0000000a   Code   RO         2974    i.USART_ReceiveData  stm32f10x_usart.o
    0x08001ff6   0x08001ff6   0x00000008   Code   RO         2977    i.USART_SendData    stm32f10x_usart.o
    0x08001ffe   0x08001ffe   0x00000018   Code   RO         2983    i.USART_StructInit  stm32f10x_usart.o
    0x08002016   0x08002016   0x00000004   Code   RO         4093    i.UsageFault_Handler  stm32f10x_it.o
    0x0800201a   0x0800201a   0x00000002   PAD
    0x0800201c   0x0800201c   0x00000114   Code   RO         4012    i.main              main.o
    0x08002130   0x08002130   0x00000184   Code   RO         4193    x$fpl$fdiv          fz_ws.l(fdiv.o)
    0x080022b4   0x080022b4   0x0000003e   Code   RO         4196    x$fpl$ffixu         fz_ws.l(ffixu.o)
    0x080022f2   0x080022f2   0x00000002   PAD
    0x080022f4   0x080022f4   0x00000026   Code   RO         4200    x$fpl$ffltu         fz_ws.l(fflt_clz.o)
    0x0800231a   0x0800231a   0x0000008c   Code   RO         4218    x$fpl$fnaninf       fz_ws.l(fnaninf.o)
    0x080023a6   0x080023a6   0x0000000a   Code   RO         4220    x$fpl$fretinf       fz_ws.l(fretinf.o)
    0x080023b0   0x080023b0   0x00000000   Code   RO         4222    x$fpl$usenofp       fz_ws.l(usenofp.o)
    0x080023b0   0x080023b0   0x00000020   Data   RO         4377    Region$$Table       anon$$obj.o


    Execution Region RW_IRAM1 (Exec base: 0x20000000, Load base: 0x080023d0, Size: 0x000007e0, Max: 0x00005000, ABSOLUTE)

    Exec Addr    Load Addr    Size         Type   Attr      Idx    E Section Name        Object

    0x20000000   0x080023d0   0x00000014   Data   RW         1805    .data               stm32f10x_rcc.o
    0x20000014   0x080023e4   0x00000009   Data   RW         3248    .data               mytim.o
    0x2000001d   0x080023ed   0x00000008   Data   RW         3362    .data               serial.o
    0x20000025   0x080023f5   0x00000003   PAD
    0x20000028   0x080023f8   0x00000024   Data   RW         3448    .data               myhcsr04.o
    0x2000004c   0x0800241c   0x00000008   Data   RW         3550    .data               myadcanddma.o
    0x20000054   0x08002424   0x0000002b   Data   RW         3749    .data               mydht11.o
    0x2000007f   0x0800244f   0x00000001   PAD
    0x20000080        -       0x000000d8   Zero   RW         3361    .bss                serial.o
    0x20000158        -       0x00000028   Zero   RW         3748    .bss                mydht11.o
    0x20000180        -       0x00000060   Zero   RW         4251    .bss                c_w.l(libspace.o)
    0x200001e0        -       0x00000200   Zero   RW           18    HEAP                startup_stm32f10x_md.o
    0x200003e0        -       0x00000400   Zero   RW           17    STACK               startup_stm32f10x_md.o


==============================================================================

Image component sizes


      Code (inc. data)   RO Data    RW Data    ZI Data      Debug   Object Name

        86          0          0          0          0       1533   array.o
         0          0          0          0          0       4564   core_cm3.o
        70          0          0          0          0        882   delay.o
       494         62          0          0          0       3083   main.o
       132         22          0          0          0     215791   misc.o
       200         12          0          8          0       1184   myadcanddma.o
        64         10          0          0          0        889   myairpump.o
        64         10          0          0          0        943   myaquariumheater.o
      1156        218          0         43         40      10549   mydht11.o
       528         96          0         36          0       5556   myhcsr04.o
        56          8          0          0          0        481   mylightsensor.o
        64         10          0          0          0        937   myplantgrowlamp.o
       124         10          0          0          0        606   mysg90.o
        56          8          0          0          0        512   mysoilmoisturesensor.o
        60         12          0          0          0        884   mytest.o
       400         14          0          9          0       2278   mytim.o
       124         10          0          0          0        627   mywaterpump.o
        56          8          0          0          0        512   mywaterqualitysensor.o
       570         16          0          0          0       4364   oled.o
       572         60          0          8        216       4806   serial.o
        64         26        236          0       1536        772   startup_stm32f10x_md.o
       408         10          0          0          0      17922   stm32f10x_adc.o
       110          0          0          0          0      12834   stm32f10x_dma.o
       216         18          0          0          0       4462   stm32f10x_exti.o
       372          4          0          0          0      12177   stm32f10x_gpio.o
        26          0          0          0          0       3558   stm32f10x_it.o
       332         44          0         20          0      13857   stm32f10x_rcc.o
       730         62          0          0          0      29267   stm32f10x_tim.o
       496          6          0          0          0      12750   stm32f10x_usart.o
       328         28          0          0          0      54837   system_stm32f10x.o

    ----------------------------------------------------------------------
      7982        784        268        128       1792     423417   Object Totals
         0          0         32          0          0          0   (incl. Generated)
        24          0          0          4          0          0   (incl. Padding)

    ----------------------------------------------------------------------

      Code (inc. data)   RO Data    RW Data    ZI Data      Debug   Library Member Name

         8          0          0          0          0         68   __main.o
         0          0          0          0          0          0   __rtentry.o
        12          0          0          0          0          0   __rtentry2.o
         6          0          0          0          0          0   __rtentry4.o
        52          8          0          0          0          0   __scatter.o
        26          0          0          0          0          0   __scatter_copy.o
        28          0          0          0          0          0   __scatter_zi.o
        18          0          0          0          0         80   exit.o
         6          0          0          0          0        152   heapauxi.o
         0          0          0          0          0          0   indicate_semi.o
         2          0          0          0          0          0   libinit.o
         2          0          0          0          0          0   libinit2.o
         2          0          0          0          0          0   libshutdown.o
         2          0          0          0          0          0   libshutdown2.o
         8          4          0          0         96         68   libspace.o
         2          0          0          0          0          0   rtexit.o
        10          0          0          0          0          0   rtexit2.o
        12          4          0          0          0         68   sys_exit.o
        74          0          0          0          0         80   sys_stackheap_outer.o
         2          0          0          0          0         68   use_no_semi.o
       388         76          0          0          0         96   fdiv.o
        62          4          0          0          0         84   ffixu.o
        38          0          0          0          0         68   fflt_clz.o
       140          4          0          0          0         84   fnaninf.o
        10          0          0          0          0         68   fretinf.o
         0          0          0          0          0          0   usenofp.o

    ----------------------------------------------------------------------
       918        100          0          0         96        984   Library Totals
         8          0          0          0          0          0   (incl. Padding)

    ----------------------------------------------------------------------

      Code (inc. data)   RO Data    RW Data    ZI Data      Debug   Library Name

       272         16          0          0         96        584   c_w.l
       638         84          0          0          0        400   fz_ws.l

    ----------------------------------------------------------------------
       918        100          0          0         96        984   Library Totals

    ----------------------------------------------------------------------

==============================================================================


      Code (inc. data)   RO Data    RW Data    ZI Data      Debug   

      8900        884        268        128       1888     417065   Grand Totals
      8900        884        268        128       1888     417065   ELF Image Totals
      8900        884        268        128          0          0   ROM Totals

==============================================================================

    Total RO  Size (Code + RO Data)                 9168 (   8.95kB)
    Total RW  Size (RW Data + ZI Data)              2016 (   1.97kB)
    Total ROM Size (Code + RO Data + RW Data)       9296 (   9.08kB)

==============================================================================

